################################################################################
#                                                                              #
#      IAR Universal Linker V6.5.2.97                                          #
#                                                                              #
#           Link time     =  24/Jul/2018  18:54:36                             #
#           Target CPU    =  x51                                               #
#           List file     =  "C:\Users\sshah\Desktop\N76E003 Tutorial\N76E003  #
#                            IAR Code Examples\Codes\Timer 2 Input Capture\Deb #
#                            ug\List\tim_capt.map"                             #
#           Output file 1 =  "C:\Users\sshah\Desktop\N76E003 Tutorial\N76E003  #
#                            IAR Code Examples\Codes\Timer 2 Input Capture\Deb #
#                            ug\Exe\tim_capt.bin"                              #
#                            Format: raw-binary                                #
#           Command line  =  -f C:\Users\sshah\AppData\Local\Temp\EW4D9F.tmp   #
#                            ("C:\Users\sshah\Desktop\N76E003 Tutorial\N76E003 #
#                             IAR Code Examples\Codes\Timer 2 Input Capture\De #
#                            bug\Obj\Common.r51"                               #
#                            "C:\Users\sshah\Desktop\N76E003 Tutorial\N76E003  #
#                            IAR Code Examples\Codes\Timer 2 Input Capture\Deb #
#                            ug\Obj\Delay.r51"                                 #
#                            "C:\Users\sshah\Desktop\N76E003 Tutorial\N76E003  #
#                            IAR Code Examples\Codes\Timer 2 Input Capture\Deb #
#                            ug\Obj\LCD_3_Wire.r51"                            #
#                            "C:\Users\sshah\Desktop\N76E003 Tutorial\N76E003  #
#                            IAR Code Examples\Codes\Timer 2 Input Capture\Deb #
#                            ug\Obj\main.r51"                                  #
#                            -o                                                #
#                            "C:\Users\sshah\Desktop\N76E003 Tutorial\N76E003  #
#                            IAR Code Examples\Codes\Timer 2 Input Capture\Deb #
#                            ug\Exe\tim_capt.bin"                              #
#                            -Fraw-binary -l                                   #
#                            "C:\Users\sshah\Desktop\N76E003 Tutorial\N76E003  #
#                            IAR Code Examples\Codes\Timer 2 Input Capture\Deb #
#                            ug\List\tim_capt.map"                             #
#                            -xms                                              #
#                            "-IC:\Program Files (x86)\IAR Systems\Embedded Wo #
#                            rkbench 8.0\8051\LIB\"                            #
#                            -f                                                #
#                            "C:\Program Files (x86)\IAR Systems\Embedded Work #
#                            bench 8.0\8051\config\devices\NuvoTon\lnk51ew_N76 #
#                            E003.xcl"                                         #
#                            (-D_IDATA0_START=0x00 -D_IDATA0_END=0xFF          #
#                            -D_PDATA0_START=0x0000 -D_PDATA0_END=0x00FF       #
#                            -D_IXDATA0_START=0x0001 -D_IXDATA0_END=0x02FF     #
#                            -D_XDATA0_START=0x0001 -D_XDATA0_END=0x02FF       #
#                            -D_CODE0_START=0x0000 -D_CODE0_END=0x47FF         #
#                            -D?REGISTER_BANK=0x0 -D_REGISTER_BANK_START=0x0   #
#                            -D_BREG_START=0x00 -D?VB=0x20                     #
#                            -Z(BIT)BREG=_BREG_START -Z(BIT)BIT_N=0-7F         #
#                            -Z(DATA)REGISTERS+8=_REGISTER_BANK_START          #
#                            -Z(DATA)BDATA_Z,BDATA_N,BDATA_I=20-2F             #
#                            -Z(DATA)VREG=08-7F -Z(DATA)PSP,XSP=08-7F          #
#                            -Z(DATA)DOVERLAY=08-7F                            #
#                            -Z(DATA)DATA_I,DATA_Z,DATA_N=08-7F                #
#                            -U(IDATA)0-7F=(DATA)0-7F                          #
#                            -Z(IDATA)IDATA_I,IDATA_Z,IDATA_N=08-_IDATA0_END   #
#                            -Z(IDATA)ISTACK+_IDATA_STACK_SIZE#08-_IDATA0_END  #
#                            -Z(IDATA)IOVERLAY=08-FF -Z(CODE)INTVEC=0          #
#                            -Z(CODE)CSTART=_CODE0_START-_CODE0_END            #
#                            -Z(CODE)BIT_ID,BDATA_ID,DATA_ID,IDATA_ID,IXDATA_I #
#                            D,PDATA_ID,XDATA_ID=_CODE0_START-_CODE0_END       #
#                            -Z(CODE)HUGE_ID=_CODE0_START-_CODE0_END           #
#                            -Z(CODE)RCODE,DIFUNCT=_CODE0_START-_CODE0_END     #
#                            -P(CODE)CODE_C,CODE_N,NEAR_CODE=_CODE0_START-_COD #
#                            E0_END                                            #
#                            -Z(CODE)CHECKSUM#_CODE0_END                       #
#                            -Z(XDATA)PDATA_Z,PDATA_I=_PDATA0_START-_PDATA0_EN #
#                            D                                                 #
#                            -P(XDATA)PDATA_N=_PDATA0_START-_PDATA0_END        #
#                            -Z(XDATA)PSTACK+_PDATA_STACK_SIZE=_PDATA0_START-_ #
#                            PDATA0_END                                        #
#                            -Z(XDATA)EXT_STACK+_EXTENDED_STACK_SIZE=_EXTENDED #
#                            _STACK_START                                      #
#                            -Z(XDATA)XSTACK+_XDATA_STACK_SIZE=_XDATA0_START-_ #
#                            XDATA0_END                                        #
#                            -Z(XDATA)IXDATA_I,IXDATA_Z=_IXDATA0_START-_IXDATA #
#                            0_END                                             #
#                            -P(XDATA)IXDATA_N=_IXDATA0_START-_IXDATA0_END     #
#                            -Z(XDATA)XDATA_I,XDATA_Z=_XDATA0_START-_XDATA0_EN #
#                            D                                                 #
#                            -P(XDATA)XDATA_N=_XDATA0_START-_XDATA0_END        #
#                            -Z(XDATA)XDATA_HEAP+_XDATA_HEAP_SIZE=_XDATA0_STAR #
#                            T-_XDATA0_END                                     #
#                            -Z(CONST)XDATA_ROM_C=_XDATA0_START-_XDATA0_END    #
#                            -Z(CODE)FAR22_ID=[_CODE0_START-_CODE0_END]/10000  #
#                            -Z(CODE)FAR_ID=[_CODE0_START-_CODE0_END]/10000    #
#                            -cx51)                                            #
#                            "-IC:\Program Files (x86)\IAR Systems\Embedded Wo #
#                            rkbench 8.0\8051\CONFIG\"                         #
#                            -D?DPMASK=0x01 -D_NR_OF_VIRTUAL_REGISTERS=8       #
#                            -D?DPS=0xA2 -D?PBANK=0x91 -D?CBANK=0xF0           #
#                            -D?CBANK_MASK=0x30 -e?BCALL_30=?BCALL             #
#                            -e?BRET_30=?BRET -e?BDISPATCH_30=?BDISPATCH       #
#                            -D_CODEBANK_START=0x8000 -D_CODEBANK_END=0xFFFF   #
#                            -D_NR_OF_BANKS=0x03 -s __program_start            #
#                            "C:\Program Files (x86)\IAR Systems\Embedded Work #
#                            bench 8.0\8051\LIB\CLIB\cl-pli-nsid-2h16inc.r51"  #
#                            -D_IDATA_STACK_SIZE=0x40 -D?ESP=0 -D?ESP_MASK=0   #
#                            -D_EXTENDED_STACK_START=0                         #
#                            -D_EXTENDED_STACK_SIZE=0                          #
#                            -D_PDATA_STACK_SIZE=0x80                          #
#                            -D_XDATA_STACK_SIZE=0xEFF                         #
#                            -D_XDATA_HEAP_SIZE=0xFF -D_FAR_HEAP_SIZE=0xFFF    #
#                            -D_HUGE_HEAP_SIZE=0xFFF                           #
#                            -D_FAR22_HEAP_SIZE=0xFFF)                         #
#                                                                              #
#                           Copyright (C) 1987-2017 IAR Systems AB.            #
################################################################################





                ****************************************
                *                                      *
                *           CROSS REFERENCE            *
                *                                      *
                ****************************************

       Program entry at : CODE      00000092  Relocatable, from module : CSTARTUP




                ****************************************
                *                                      *
                *            RUNTIME MODEL             *
                *                                      *
                ****************************************

  __SystemLibrary          = CLib
  __calling_convention     = idata_reentrant
  __code_model             = near
  __core                   = plain
  __data_model             = small
  __dptr_size              = 16
  __dptr_visibility        = shadowed
  __extended_stack         = disabled
  __location_for_constants = data
  __number_of_dptrs        = 2
  __register_banks         = *
  __rt_version             = 1

                ****************************************
                *                                      *
                *    AUTOMATIC SYMBOL REDIRECTIONS     *
                *                                      *
                ****************************************

                  There are no automatic symbol redirections.



                ****************************************
                *                                      *
                *              MODULE MAP              *
                *                                      *
                ****************************************


  DEFINED ABSOLUTE ENTRIES
    *************************************************************************

  DEFINED ABSOLUTE ENTRIES
  PROGRAM MODULE, NAME : ?ABS_ENTRY_MOD

Absolute parts
           ENTRY                   ADDRESS         REF BY
           =====                   =======         ======
           _FAR22_HEAP_SIZE        00000FFF 
           _HUGE_HEAP_SIZE         00000FFF 
           _FAR_HEAP_SIZE          00000FFF 
           _XDATA_HEAP_SIZE        000000FF 
           _XDATA_STACK_SIZE       00000EFF 
           _PDATA_STACK_SIZE       00000080 
           _EXTENDED_STACK_SIZE    00000000 
           _EXTENDED_STACK_START   00000000 
           ?ESP_MASK               00000000 
           ?ESP                    00000000 
           _IDATA_STACK_SIZE       00000040 
           _NR_OF_BANKS            00000003 
           _CODEBANK_END           0000FFFF 
           _CODEBANK_START         00008000 
           ?CBANK_MASK             00000030 
           ?CBANK                  000000F0 
           ?PBANK                  00000091 
           ?DPS                    000000A2        ?FUNC_ENTER_SP (?FUNC_ENTER_SP)
                                                   ?FUNC_LEAVE_SP (?FUNC_LEAVE_SP)
                                                   ?INTERRUPT_ENTER_SP (?INTERRUPT_ENTER_SP)
                                                   ?INTERRUPT_LEAVE_SP (?INTERRUPT_LEAVE_SP)
                                                   ?RESET_DPS (CSTARTUP)
                                                   Input_Capture_ISR (main)
                                                   LCD_4bit_send (LCD_3_Wire)
                                                   LCD_clear_home (LCD_3_Wire)
                                                   LCD_goto (LCD_3_Wire)
                                                   LCD_init (LCD_3_Wire)
                                                   LCD_putchar (LCD_3_Wire)
                                                   LCD_putstr (LCD_3_Wire)
                                                   LCD_send (LCD_3_Wire)
                                                   LCD_toggle_EN (LCD_3_Wire)
                                                   SIPO (LCD_3_Wire)
                                                   Timer0_Delay1ms (Delay)
                                                   Timer_2_ISR (main)
                                                   disable_clock_source (main)
                                                   set_Timer_1 (main)
                                                   set_clock_division_factor (main)
                                                   set_clock_source (main)
                                                   setup (main)
                                                   setup_GPIOs (main)
                                                   setup_Timer_1 (main)
                                                   setup_Timer_2 (main)
                                                   setup_capture (main)
           _NR_OF_VIRTUAL_REGISTERS
                                   00000008 
           ?DPMASK                 00000001        ?FUNC_ENTER_SP (?FUNC_ENTER_SP)
                                                   ?FUNC_LEAVE_SP (?FUNC_LEAVE_SP)
                                                   ?INTERRUPT_ENTER_SP (?INTERRUPT_ENTER_SP)
                                                   ?INTERRUPT_LEAVE_SP (?INTERRUPT_LEAVE_SP)
                                                   ?RESET_DPS (CSTARTUP)
           ?VB                     00000020        ?FUNC_ENTER_SP (?FUNC_ENTER_SP)
                                                   ?FUNC_LEAVE_SP (?FUNC_LEAVE_SP)
                                                   ?INTERRUPT_ENTER_SP (?INTERRUPT_ENTER_SP)
                                                   ?INTERRUPT_LEAVE_SP (?INTERRUPT_LEAVE_SP)
           _BREG_START             00000000 
           _REGISTER_BANK_START    00000000 
           ?REGISTER_BANK          00000000        Segment part 6 (CSTARTUP)
           _CODE0_END              000047FF 
           _CODE0_START            00000000 
           _XDATA0_END             000002FF 
           _XDATA0_START           00000001 
           _IXDATA0_END            000002FF 
           _IXDATA0_START          00000001 
           _PDATA0_END             000000FF 
           _PDATA0_START           00000000 
           _IDATA0_END             000000FF 
           _IDATA0_START           00000000 
    *************************************************************************

  FILE NAME : C:\Users\sshah\Desktop\N76E003 Tutorial\N76E003 IAR Code Examples\Codes\Timer 2 Input Capture\Debug\Obj\Common.r51
  PROGRAM MODULE, NAME : Common

  SEGMENTS IN THE MODULE
  ======================
SFR_AN
  Relative segment, address: DATA 00000087 - 00000087 (0x1 bytes), align: 0
  Segment part 1. ROOT 
           ENTRY                   ADDRESS         REF BY
           =====                   =======         ======
           PCON                    00000087 
    -------------------------------------------------------------------------
SFR_AN
  Relative segment, address: DATA 00000088 - 00000088 (0x1 bytes), align: 0
  Segment part 2. ROOT        Intra module refs:   Timer0_Delay1ms (Delay)
                                                   setup_Timer_1 (main)
           ENTRY                   ADDRESS         REF BY
           =====                   =======         ======
           _A_TCON                 00000088 
           LOCAL                   ADDRESS         
           =====                   =======         
           TCON                    00000088 
           TCON_bit                00000088 
    -------------------------------------------------------------------------
SFR_AN
  Relative segment, address: DATA 00000089 - 00000089 (0x1 bytes), align: 0
  Segment part 3. ROOT        Intra module refs:   Timer0_Delay1ms (Delay)
                                                   setup_Timer_1 (main)
           ENTRY                   ADDRESS         REF BY
           =====                   =======         ======
           TMOD                    00000089 
    -------------------------------------------------------------------------
SFR_AN
  Relative segment, address: DATA 0000008D - 0000008D (0x1 bytes), align: 0
  Segment part 4. ROOT        Intra module refs:   set_Timer_1 (main)
           ENTRY                   ADDRESS         REF BY
           =====                   =======         ======
           TH1                     0000008D 
    -------------------------------------------------------------------------
SFR_AN
  Relative segment, address: DATA 0000008E - 0000008E (0x1 bytes), align: 0
  Segment part 5. ROOT        Intra module refs:   Timer0_Delay1ms (Delay)
                                                   setup_Timer_1 (main)
           ENTRY                   ADDRESS         REF BY
           =====                   =======         ======
           CKCON                   0000008E 
    -------------------------------------------------------------------------
SFR_AN
  Relative segment, address: DATA 00000098 - 00000098 (0x1 bytes), align: 0
  Segment part 6. ROOT 
           ENTRY                   ADDRESS         REF BY
           =====                   =======         ======
           _A_SCON                 00000098 
           LOCAL                   ADDRESS         
           =====                   =======         
           SCON                    00000098 
           SCON_bit                00000098 
    -------------------------------------------------------------------------
SFR_AN
  Relative segment, address: DATA 00000099 - 00000099 (0x1 bytes), align: 0
  Segment part 7. ROOT 
           ENTRY                   ADDRESS         REF BY
           =====                   =======         ======
           SBUF                    00000099 
    -------------------------------------------------------------------------
SFR_AN
  Relative segment, address: DATA 0000009A - 0000009A (0x1 bytes), align: 0
  Segment part 8. ROOT 
           ENTRY                   ADDRESS         REF BY
           =====                   =======         ======
           SBUF_1                  0000009A 
    -------------------------------------------------------------------------
SFR_AN
  Relative segment, address: DATA 000000B1 - 000000B1 (0x1 bytes), align: 0
  Segment part 9. ROOT        Intra module refs:   LCD_init (LCD_3_Wire)
                                                   setup_GPIOs (main)
           ENTRY                   ADDRESS         REF BY
           =====                   =======         ======
           P0M1                    000000B1 
    -------------------------------------------------------------------------
SFR_AN
  Relative segment, address: DATA 000000B2 - 000000B2 (0x1 bytes), align: 0
  Segment part 10. ROOT       Intra module refs:   LCD_init (LCD_3_Wire)
                                                   setup_GPIOs (main)
           ENTRY                   ADDRESS         REF BY
           =====                   =======         ======
           P0M2                    000000B2 
    -------------------------------------------------------------------------
SFR_AN
  Relative segment, address: DATA 000000B3 - 000000B3 (0x1 bytes), align: 0
  Segment part 11. ROOT       Intra module refs:   setup_GPIOs (main)
           ENTRY                   ADDRESS         REF BY
           =====                   =======         ======
           P1M1                    000000B3 
    -------------------------------------------------------------------------
SFR_AN
  Relative segment, address: DATA 000000B4 - 000000B4 (0x1 bytes), align: 0
  Segment part 12. ROOT       Intra module refs:   setup_GPIOs (main)
           ENTRY                   ADDRESS         REF BY
           =====                   =======         ======
           P1M2                    000000B4 
    -------------------------------------------------------------------------
SFR_AN
  Relative segment, address: DATA 000000C4 - 000000C4 (0x1 bytes), align: 0
  Segment part 13. ROOT 
           ENTRY                   ADDRESS         REF BY
           =====                   =======         ======
           T3CON                   000000C4 
    -------------------------------------------------------------------------
SFR_AN
  Relative segment, address: DATA 000000C5 - 000000C5 (0x1 bytes), align: 0
  Segment part 14. ROOT 
           ENTRY                   ADDRESS         REF BY
           =====                   =======         ======
           RL3                     000000C5 
    -------------------------------------------------------------------------
SFR_AN
  Relative segment, address: DATA 000000C6 - 000000C6 (0x1 bytes), align: 0
  Segment part 15. ROOT 
           ENTRY                   ADDRESS         REF BY
           =====                   =======         ======
           RH3                     000000C6 
    -------------------------------------------------------------------------
SFR_AN
  Relative segment, address: DATA 000000F8 - 000000F8 (0x1 bytes), align: 0
  Segment part 16. ROOT 
           ENTRY                   ADDRESS         REF BY
           =====                   =======         ======
           _A_SCON_1               000000F8 
           LOCAL                   ADDRESS         
           =====                   =======         
           SCON_1                  000000F8 
           SCON_1_bit              000000F8 
    -------------------------------------------------------------------------
IDATA_I
  Relative segment, address: IDATA 00000021 - 00000024 (0x4 bytes), align: 0
  Segment part 22.            Intra module refs:   Timer_2_ISR (main)
           ENTRY                   ADDRESS         REF BY
           =====                   =======         ======
           __Constant_1            00000021 
    -------------------------------------------------------------------------
IDATA_ID
  Relative segment, address: CODE 0000009E - 000000A1 (0x4 bytes), align: 0
  Segment part 23.            Intra module refs:   __Constant_1
    -------------------------------------------------------------------------
IDATA_I
  Relative segment, address: IDATA 00000025 - 00000028 (0x4 bytes), align: 0
  Segment part 24.            Intra module refs:   Timer0_Delay1ms (Delay)
           ENTRY                   ADDRESS         REF BY
           =====                   =======         ======
           __Constant_ffffffff     00000025 
    -------------------------------------------------------------------------
IDATA_ID
  Relative segment, address: CODE 000000A2 - 000000A5 (0x4 bytes), align: 0
  Segment part 25.            Intra module refs:   __Constant_ffffffff
    -------------------------------------------------------------------------
IDATA_I
  Relative segment, address: IDATA 00000029 - 0000002C (0x4 bytes), align: 0
  Segment part 26.            Intra module refs:   LCD_init (LCD_3_Wire)
                                                   lcd_print (main)
           ENTRY                   ADDRESS         REF BY
           =====                   =======         ======
           __Constant_a            00000029 
    -------------------------------------------------------------------------
IDATA_ID
  Relative segment, address: CODE 000000A6 - 000000A9 (0x4 bytes), align: 0
  Segment part 27.            Intra module refs:   __Constant_a

    *************************************************************************

  FILE NAME : C:\Users\sshah\Desktop\N76E003 Tutorial\N76E003 IAR Code Examples\Codes\Timer 2 Input Capture\Debug\Obj\Delay.r51
  PROGRAM MODULE, NAME : Delay

  SEGMENTS IN THE MODULE
  ======================
SFR_AN
  Relative segment, address: DATA 0000008A - 0000008A (0x1 bytes), align: 0
  Segment part 3. ROOT        Intra module refs:   Timer0_Delay1ms
           ENTRY                   ADDRESS         REF BY
           =====                   =======         ======
           TL0                     0000008A 
    -------------------------------------------------------------------------
SFR_AN
  Relative segment, address: DATA 0000008B - 0000008B (0x1 bytes), align: 0
  Segment part 4. ROOT        Intra module refs:   set_Timer_1 (main)
           ENTRY                   ADDRESS         REF BY
           =====                   =======         ======
           TL1                     0000008B 
    -------------------------------------------------------------------------
SFR_AN
  Relative segment, address: DATA 0000008C - 0000008C (0x1 bytes), align: 0
  Segment part 5. ROOT        Intra module refs:   Timer0_Delay1ms
           ENTRY                   ADDRESS         REF BY
           =====                   =======         ======
           TH0                     0000008C 
    -------------------------------------------------------------------------
SFR_AN
  Relative segment, address: DATA 000000C8 - 000000C8 (0x1 bytes), align: 0
  Segment part 11. ROOT       Intra module refs:   Timer_2_ISR (main)
                                                   setup_Timer_2 (main)
           ENTRY                   ADDRESS         REF BY
           =====                   =======         ======
           _A_T2CON                000000C8 
           LOCAL                   ADDRESS         
           =====                   =======         
           T2CON                   000000C8 
           T2CON_bit               000000C8 
    -------------------------------------------------------------------------
SFR_AN
  Relative segment, address: DATA 000000C9 - 000000C9 (0x1 bytes), align: 0
  Segment part 12. ROOT       Intra module refs:   setup_Timer_2 (main)
           ENTRY                   ADDRESS         REF BY
           =====                   =======         ======
           T2MOD                   000000C9 
    -------------------------------------------------------------------------
SFR_AN
  Relative segment, address: DATA 000000CC - 000000CC (0x1 bytes), align: 0
  Segment part 13. ROOT 
           ENTRY                   ADDRESS         REF BY
           =====                   =======         ======
           TL2                     000000CC 
    -------------------------------------------------------------------------
SFR_AN
  Relative segment, address: DATA 000000CD - 000000CD (0x1 bytes), align: 0
  Segment part 14. ROOT 
           ENTRY                   ADDRESS         REF BY
           =====                   =======         ======
           TH2                     000000CD 
    -------------------------------------------------------------------------
IDATA_Z
  Relative segment, address: IDATA 00000056 - 00000056 (0x1 bytes), align: 0
  Segment part 20.
           ENTRY                   ADDRESS         REF BY
           =====                   =======         ======
           BIT_TMP                 00000056        disable_clock_source (main)
                                                   set_clock_source (main)
    -------------------------------------------------------------------------
<NEAR_CODE> 1 (was NEAR_CODE)
  Relative segment, address: CODE 00000B91 - 00000BD5 (0x45 bytes), align: 0
  Segment part 24.
           ENTRY                   ADDRESS         REF BY
           =====                   =======         ======
           Timer0_Delay1ms         00000B91        LCD_init (LCD_3_Wire)
                                                   LCD_toggle_EN (LCD_3_Wire)
                                                   main (main)
               ISTACK = 00000000 ( 00000004 )

    *************************************************************************

  FILE NAME : C:\Users\sshah\Desktop\N76E003 Tutorial\N76E003 IAR Code Examples\Codes\Timer 2 Input Capture\Debug\Obj\LCD_3_Wire.r51
  PROGRAM MODULE, NAME : LCD_3_Wire

  SEGMENTS IN THE MODULE
  ======================
SFR_AN
  Relative segment, address: DATA 00000080 - 00000080 (0x1 bytes), align: 0
  Segment part 1. ROOT        Intra module refs:   SIPO
           ENTRY                   ADDRESS         REF BY
           =====                   =======         ======
           _A_P0                   00000080 
           LOCAL                   ADDRESS         
           =====                   =======         
           P0                      00000080 
           P0_bit                  00000080 
    -------------------------------------------------------------------------
IDATA_Z
  Relative segment, address: IDATA 00000057 - 00000057 (0x1 bytes), align: 0
  Segment part 9.             Intra module refs:   LCD_4bit_send
                                                   LCD_init
                                                   LCD_send
                                                   LCD_toggle_EN
                                                   SIPO
           ENTRY                   ADDRESS         REF BY
           =====                   =======         ======
           data_value              00000057 
    -------------------------------------------------------------------------
<NEAR_CODE> 1 (was NEAR_CODE)
  Relative segment, address: CODE 000009A2 - 000009D6 (0x35 bytes), align: 0
  Segment part 14.            Intra module refs:   LCD_4bit_send
                                                   LCD_init
                                                   LCD_send
                                                   LCD_toggle_EN
           ENTRY                   ADDRESS         REF BY
           =====                   =======         ======
           SIPO                    000009A2 
               ISTACK = 00000004 ( 00000000 )
    -------------------------------------------------------------------------
<NEAR_CODE> 1 (was NEAR_CODE)
  Relative segment, address: CODE 000009D7 - 00000A63 (0x8d bytes), align: 0
  Segment part 15.
           ENTRY                   ADDRESS         REF BY
           =====                   =======         ======
           LCD_init                000009D7        main (main)
               calls direct
               ISTACK = 00000000 ( 00000004 )
    -------------------------------------------------------------------------
<NEAR_CODE> 1 (was NEAR_CODE)
  Relative segment, address: CODE 00000A64 - 00000AAD (0x4a bytes), align: 0
  Segment part 16.            Intra module refs:   LCD_4bit_send
           ENTRY                   ADDRESS         REF BY
           =====                   =======         ======
           LCD_toggle_EN           00000A64 
               calls direct
               ISTACK = 00000001 ( 00000004 )
    -------------------------------------------------------------------------
<NEAR_CODE> 1 (was NEAR_CODE)
  Relative segment, address: CODE 00000AAE - 00000ADC (0x2f bytes), align: 0
  Segment part 17.            Intra module refs:   LCD_clear_home
                                                   LCD_goto
                                                   LCD_init
                                                   LCD_putchar
           ENTRY                   ADDRESS         REF BY
           =====                   =======         ======
           LCD_send                00000AAE 
               calls direct
               ISTACK = 00000004 ( 00000002 )
    -------------------------------------------------------------------------
<NEAR_CODE> 1 (was NEAR_CODE)
  Relative segment, address: CODE 00000ADD - 00000B19 (0x3d bytes), align: 0
  Segment part 18.            Intra module refs:   LCD_send
           ENTRY                   ADDRESS         REF BY
           =====                   =======         ======
           LCD_4bit_send           00000ADD 
               calls direct
               ISTACK = 00000002 ( 00000001 )
    -------------------------------------------------------------------------
<NEAR_CODE> 1 (was NEAR_CODE)
  Relative segment, address: CODE 00000B1A - 00000B37 (0x1e bytes), align: 0
  Segment part 19.
           ENTRY                   ADDRESS         REF BY
           =====                   =======         ======
           LCD_putstr              00000B1A        main (main)
               calls direct
               ISTACK = 00000000 ( 00000001 )
    -------------------------------------------------------------------------
<NEAR_CODE> 1 (was NEAR_CODE)
  Relative segment, address: CODE 00000B38 - 00000B53 (0x1c bytes), align: 0
  Segment part 20.            Intra module refs:   LCD_putstr
           ENTRY                   ADDRESS         REF BY
           =====                   =======         ======
           LCD_putchar             00000B38        lcd_print (main)
               calls direct
               ISTACK = 00000001 ( 00000001 )
    -------------------------------------------------------------------------
<NEAR_CODE> 1 (was NEAR_CODE)
  Relative segment, address: CODE 00000B54 - 00000B65 (0x12 bytes), align: 0
  Segment part 21.
           ENTRY                   ADDRESS         REF BY
           =====                   =======         ======
           LCD_clear_home          00000B54        main (main)
               calls direct
    -------------------------------------------------------------------------
<NEAR_CODE> 1 (was NEAR_CODE)
  Relative segment, address: CODE 00000B66 - 00000B90 (0x2b bytes), align: 0
  Segment part 22.
           ENTRY                   ADDRESS         REF BY
           =====                   =======         ======
           LCD_goto                00000B66        lcd_print (main)
                                                   main (main)
               calls direct
               ISTACK = 00000000 ( 00000002 )
    -------------------------------------------------------------------------
IDATA_I
  Relative segment, address: IDATA 0000002D - 00000030 (0x4 bytes), align: 0
  Segment part 12.            Intra module refs:   LCD_toggle_EN
           ENTRY                   ADDRESS         REF BY
           =====                   =======         ======
           __Constant_2            0000002D 
    -------------------------------------------------------------------------
IDATA_ID
  Relative segment, address: CODE 000000AA - 000000AD (0x4 bytes), align: 0
  Segment part 13.            Intra module refs:   __Constant_2

    *************************************************************************

  FILE NAME : C:\Users\sshah\Desktop\N76E003 Tutorial\N76E003 IAR Code Examples\Codes\Timer 2 Input Capture\Debug\Obj\main.r51
  PROGRAM MODULE, NAME : main

  SEGMENTS IN THE MODULE
  ======================
SFR_AN
  Relative segment, address: DATA 00000092 - 00000092 (0x1 bytes), align: 0
  Segment part 6. ROOT        Intra module refs:   Input_Capture_ISR
                                                   setup_capture
           ENTRY                   ADDRESS         REF BY
           =====                   =======         ======
           CAPCON0                 00000092 
    -------------------------------------------------------------------------
SFR_AN
  Relative segment, address: DATA 00000093 - 00000093 (0x1 bytes), align: 0
  Segment part 7. ROOT        Intra module refs:   setup_capture
           ENTRY                   ADDRESS         REF BY
           =====                   =======         ======
           CAPCON1                 00000093 
    -------------------------------------------------------------------------
SFR_AN
  Relative segment, address: DATA 00000094 - 00000094 (0x1 bytes), align: 0
  Segment part 8. ROOT        Intra module refs:   setup_capture
           ENTRY                   ADDRESS         REF BY
           =====                   =======         ======
           CAPCON2                 00000094 
    -------------------------------------------------------------------------
SFR_AN
  Relative segment, address: DATA 00000095 - 00000095 (0x1 bytes), align: 0
  Segment part 9. ROOT        Intra module refs:   set_clock_division_factor
           ENTRY                   ADDRESS         REF BY
           =====                   =======         ======
           CKDIV                   00000095 
    -------------------------------------------------------------------------
SFR_AN
  Relative segment, address: DATA 00000096 - 00000096 (0x1 bytes), align: 0
  Segment part 10. ROOT       Intra module refs:   set_clock_source
           ENTRY                   ADDRESS         REF BY
           =====                   =======         ======
           CKSWT                   00000096 
    -------------------------------------------------------------------------
SFR_AN
  Relative segment, address: DATA 00000097 - 00000097 (0x1 bytes), align: 0
  Segment part 11. ROOT       Intra module refs:   disable_clock_source
                                                   set_clock_source
           ENTRY                   ADDRESS         REF BY
           =====                   =======         ======
           CKEN                    00000097 
    -------------------------------------------------------------------------
SFR_AN
  Relative segment, address: DATA 0000009B - 0000009B (0x1 bytes), align: 0
  Segment part 12. ROOT       Intra module refs:   setup_Timer_2
                                                   setup_capture
           ENTRY                   ADDRESS         REF BY
           =====                   =======         ======
           EIE                     0000009B 
    -------------------------------------------------------------------------
SFR_AN
  Relative segment, address: DATA 000000A8 - 000000A8 (0x1 bytes), align: 0
  Segment part 13. ROOT       Intra module refs:   disable_clock_source
                                                   set_clock_source
                                                   setup
                                                   setup_Timer_1
           ENTRY                   ADDRESS         REF BY
           =====                   =======         ======
           _A_IE                   000000A8 
           LOCAL                   ADDRESS         
           =====                   =======         
           IE                      000000A8 
           IE_bit                  000000A8 
    -------------------------------------------------------------------------
SFR_AN
  Relative segment, address: DATA 000000B5 - 000000B5 (0x1 bytes), align: 0
  Segment part 18. ROOT       Intra module refs:   setup_Timer_1
           ENTRY                   ADDRESS         REF BY
           =====                   =======         ======
           P2S                     000000B5 
    -------------------------------------------------------------------------
SFR_AN
  Relative segment, address: DATA 000000C7 - 000000C7 (0x1 bytes), align: 0
  Segment part 19. ROOT       Intra module refs:   disable_clock_source
                                                   set_clock_source
           ENTRY                   ADDRESS         REF BY
           =====                   =======         ======
           TA                      000000C7 
    -------------------------------------------------------------------------
SFR_AN
  Relative segment, address: DATA 000000E4 - 000000E4 (0x1 bytes), align: 0
  Segment part 22. ROOT       Intra module refs:   Input_Capture_ISR
           ENTRY                   ADDRESS         REF BY
           =====                   =======         ======
           C0L                     000000E4 
    -------------------------------------------------------------------------
SFR_AN
  Relative segment, address: DATA 000000E5 - 000000E5 (0x1 bytes), align: 0
  Segment part 23. ROOT       Intra module refs:   Input_Capture_ISR
           ENTRY                   ADDRESS         REF BY
           =====                   =======         ======
           C0H                     000000E5 
    -------------------------------------------------------------------------
SFR_AN
  Relative segment, address: DATA 000000F1 - 000000F1 (0x1 bytes), align: 0
  Segment part 24. ROOT       Intra module refs:   setup_capture
           ENTRY                   ADDRESS         REF BY
           =====                   =======         ======
           CAPCON3                 000000F1 
    -------------------------------------------------------------------------
IDATA_Z
  Relative segment, address: IDATA 00000058 - 0000005B (0x4 bytes), align: 0
  Segment part 37.            Intra module refs:   Input_Capture_ISR
                                                   Timer_2_ISR
           ENTRY                   ADDRESS         REF BY
           =====                   =======         ======
           overflow                00000058 
    -------------------------------------------------------------------------
IDATA_Z
  Relative segment, address: IDATA 0000005C - 0000005F (0x4 bytes), align: 0
  Segment part 38.            Intra module refs:   Input_Capture_ISR
                                                   main
           ENTRY                   ADDRESS         REF BY
           =====                   =======         ======
           pulse_time              0000005C 
    -------------------------------------------------------------------------
IDATA_Z
  Relative segment, address: IDATA 00000060 - 00000063 (0x4 bytes), align: 0
  Segment part 39.            Intra module refs:   Input_Capture_ISR
           ENTRY                   ADDRESS         REF BY
           =====                   =======         ======
           start_time              00000060 
    -------------------------------------------------------------------------
IDATA_Z
  Relative segment, address: IDATA 00000064 - 00000067 (0x4 bytes), align: 0
  Segment part 40.            Intra module refs:   Input_Capture_ISR
           ENTRY                   ADDRESS         REF BY
           =====                   =======         ======
           end_time                00000064 
    -------------------------------------------------------------------------
<NEAR_CODE> 1 (was NEAR_CODE)
  Relative segment, address: CODE 00000570 - 00000582 (0x13 bytes), align: 0
  Segment part 51.            Intra module refs:   Timer_1_ISR::??INTVEC 27
           ENTRY                   ADDRESS         REF BY
           =====                   =======         ======
           Timer_1_ISR             00000570 
               interrupt function
               calls direct
               ISTACK = 00000000 ( 0000000E )
    -------------------------------------------------------------------------
<NEAR_CODE> 1 (was NEAR_CODE)
  Relative segment, address: CODE 00000583 - 000005A4 (0x22 bytes), align: 0
  Segment part 52.            Intra module refs:   Timer_2_ISR::??INTVEC 43
           ENTRY                   ADDRESS         REF BY
           =====                   =======         ======
           Timer_2_ISR             00000583 
               interrupt function
               ISTACK = 00000000 ( 00000005 )
    -------------------------------------------------------------------------
<NEAR_CODE> 1 (was NEAR_CODE)
  Relative segment, address: CODE 000005A5 - 00000646 (0xa2 bytes), align: 0
  Segment part 53.            Intra module refs:   Input_Capture_ISR::??INTVEC 99
           ENTRY                   ADDRESS         REF BY
           =====                   =======         ======
           Input_Capture_ISR       000005A5 
               interrupt function
               ISTACK = 00000000 ( 00000009 )
    -------------------------------------------------------------------------
<NEAR_CODE> 1 (was NEAR_CODE)
  Relative segment, address: CODE 00000647 - 000006BD (0x77 bytes), align: 0
  Segment part 54.
           ENTRY                   ADDRESS         REF BY
           =====                   =======         ======
           main                    00000647        ?call_main (?cmain)
               calls direct
               ISTACK = 00000000 ( 00000004 )
    -------------------------------------------------------------------------
<NEAR_CODE> 1 (was NEAR_CODE)
  Relative segment, address: CODE 000006BE - 000006DE (0x21 bytes), align: 0
  Segment part 55.            Intra module refs:   main
           ENTRY                   ADDRESS         REF BY
           =====                   =======         ======
           setup                   000006BE 
               calls direct
    -------------------------------------------------------------------------
<NEAR_CODE> 1 (was NEAR_CODE)
  Relative segment, address: CODE 000006DF - 000007E4 (0x106 bytes), align: 0
  Segment part 56.            Intra module refs:   setup
           ENTRY                   ADDRESS         REF BY
           =====                   =======         ======
           set_clock_source        000006DF 
    -------------------------------------------------------------------------
<NEAR_CODE> 1 (was NEAR_CODE)
  Relative segment, address: CODE 000007E5 - 00000838 (0x54 bytes), align: 0
  Segment part 57.            Intra module refs:   setup
           ENTRY                   ADDRESS         REF BY
           =====                   =======         ======
           disable_clock_source    000007E5 
    -------------------------------------------------------------------------
<NEAR_CODE> 1 (was NEAR_CODE)
  Relative segment, address: CODE 00000839 - 0000083E (0x6 bytes), align: 0
  Segment part 58.            Intra module refs:   setup
           ENTRY                   ADDRESS         REF BY
           =====                   =======         ======
           set_clock_division_factor
                                   00000839 
    -------------------------------------------------------------------------
<NEAR_CODE> 1 (was NEAR_CODE)
  Relative segment, address: CODE 0000083F - 0000084E (0x10 bytes), align: 0
  Segment part 59.            Intra module refs:   setup
           ENTRY                   ADDRESS         REF BY
           =====                   =======         ======
           setup_GPIOs             0000083F 
    -------------------------------------------------------------------------
<NEAR_CODE> 1 (was NEAR_CODE)
  Relative segment, address: CODE 0000084F - 00000869 (0x1b bytes), align: 0
  Segment part 60.            Intra module refs:   setup
           ENTRY                   ADDRESS         REF BY
           =====                   =======         ======
           setup_Timer_1           0000084F 
               calls direct
    -------------------------------------------------------------------------
<NEAR_CODE> 1 (was NEAR_CODE)
  Relative segment, address: CODE 0000086A - 00000877 (0xe bytes), align: 0
  Segment part 61.            Intra module refs:   setup
           ENTRY                   ADDRESS         REF BY
           =====                   =======         ======
           setup_Timer_2           0000086A 
    -------------------------------------------------------------------------
<NEAR_CODE> 1 (was NEAR_CODE)
  Relative segment, address: CODE 00000878 - 0000088A (0x13 bytes), align: 0
  Segment part 62.            Intra module refs:   setup
           ENTRY                   ADDRESS         REF BY
           =====                   =======         ======
           setup_capture           00000878 
    -------------------------------------------------------------------------
<NEAR_CODE> 1 (was NEAR_CODE)
  Relative segment, address: CODE 0000088B - 0000089E (0x14 bytes), align: 0
  Segment part 63.            Intra module refs:   Timer_1_ISR
                                                   setup_Timer_1
           ENTRY                   ADDRESS         REF BY
           =====                   =======         ======
           set_Timer_1             0000088B 
               ISTACK = 0000000E ( 00000000 )
    -------------------------------------------------------------------------
<NEAR_CODE> 1 (was NEAR_CODE)
  Relative segment, address: CODE 0000089F - 000009A1 (0x103 bytes), align: 0
  Segment part 64.            Intra module refs:   main
           ENTRY                   ADDRESS         REF BY
           =====                   =======         ======
           lcd_print               0000089F 
               calls direct
               ISTACK = 00000004 ( 0000000B )
    -------------------------------------------------------------------------
INTVEC
  Common segment, address: CODE 00000000 - 0000001D (0x1e bytes), align: 0
  Segment part 25. ROOT 
           ENTRY                   ADDRESS         REF BY
           =====                   =======         ======
           Timer_1_ISR::??INTVEC 27
                                   0000001B 
    -------------------------------------------------------------------------
INTVEC
  Common segment, address: CODE 00000000 - 0000002D (0x2e bytes), align: 0
  Segment part 26. ROOT 
           ENTRY                   ADDRESS         REF BY
           =====                   =======         ======
           Timer_2_ISR::??INTVEC 43
                                   0000002B 
    -------------------------------------------------------------------------
INTVEC
  Common segment, address: CODE 00000000 - 00000065 (0x66 bytes), align: 0
  Segment part 27. ROOT 
           ENTRY                   ADDRESS         REF BY
           =====                   =======         ======
           Input_Capture_ISR::??INTVEC 99
                                   00000063 
    -------------------------------------------------------------------------
IDATA_ID
  Relative segment, address: CODE 000000AE - 000000BC (0xf bytes), align: 0
  Segment part 34.            Intra module refs:   Segment part 33
    -------------------------------------------------------------------------
IDATA_ID
  Relative segment, address: CODE 000000BD - 000000C6 (0xa bytes), align: 0
  Segment part 36.            Intra module refs:   Segment part 35
    -------------------------------------------------------------------------
IDATA_ID
  Relative segment, address: CODE 000000C7 - 000000CA (0x4 bytes), align: 0
  Segment part 44.            Intra module refs:   __Constant_64
    -------------------------------------------------------------------------
IDATA_ID
  Relative segment, address: CODE 000000CB - 000000CE (0x4 bytes), align: 0
  Segment part 46.            Intra module refs:   __Constant_2710
    -------------------------------------------------------------------------
IDATA_ID
  Relative segment, address: CODE 000000CF - 000000D2 (0x4 bytes), align: 0
  Segment part 48.            Intra module refs:   __Constant_3e8
    -------------------------------------------------------------------------
IDATA_I
  Relative segment, address: IDATA 00000031 - 0000003F (0xf bytes), align: 0
  Segment part 33.            Intra module refs:   main
    -------------------------------------------------------------------------
IDATA_I
  Relative segment, address: IDATA 00000040 - 00000049 (0xa bytes), align: 0
  Segment part 35.            Intra module refs:   main
    -------------------------------------------------------------------------
IDATA_I
  Relative segment, address: IDATA 0000004A - 0000004D (0x4 bytes), align: 0
  Segment part 43.            Intra module refs:   lcd_print
                                                   main
           ENTRY                   ADDRESS         REF BY
           =====                   =======         ======
           __Constant_64           0000004A 
    -------------------------------------------------------------------------
IDATA_I
  Relative segment, address: IDATA 0000004E - 00000051 (0x4 bytes), align: 0
  Segment part 45.            Intra module refs:   lcd_print
           ENTRY                   ADDRESS         REF BY
           =====                   =======         ======
           __Constant_2710         0000004E 
    -------------------------------------------------------------------------
IDATA_I
  Relative segment, address: IDATA 00000052 - 00000055 (0x4 bytes), align: 0
  Segment part 47.            Intra module refs:   lcd_print
           ENTRY                   ADDRESS         REF BY
           =====                   =======         ======
           __Constant_3e8          00000052 

    *************************************************************************

  FILE NAME : C:\Program Files (x86)\IAR Systems\Embedded Workbench 8.0\8051\LIB\CLIB\cl-pli-nsid-2h16inc.r51
  LIBRARY MODULE, NAME : ?cexit

  SEGMENTS IN THE MODULE
  ======================
CSTART
  Relative segment, address: CODE 00000066 - 0000006A (0x5 bytes), align: 0
  Segment part 0.
           ENTRY                   ADDRESS         REF BY
           =====                   =======         ======
           exit                    00000066        ?call_main (?cmain)
           ?C_EXIT                 00000066 
           ?ROM_MONITOR_NOPS       00000066 

    -------------------------------------------------------------------------
  LIBRARY MODULE, NAME : ?cmain

  SEGMENTS IN THE MODULE
  ======================
CSTART
  Relative segment, address: CODE 0000006B, align: 0
  Segment part 5.
           ENTRY                   ADDRESS         REF BY
           =====                   =======         ======
           ?cmain                  0000006B        Segment part 14 (CSTARTUP)
               calls direct
    -------------------------------------------------------------------------
CSTART
  Relative segment, address: CODE 0000006B - 00000078 (0xe bytes), align: 0
  Segment part 12.
           ENTRY                   ADDRESS         REF BY
           =====                   =======         ======
           __INIT_IDATA_Z          0000006B        BIT_TMP (Delay)
                                                   data_value (LCD_3_Wire)
                                                   end_time (main)
                                                   overflow (main)
                                                   pulse_time (main)
                                                   start_time (main)
    -------------------------------------------------------------------------
CSTART
  Relative segment, address: CODE 00000079 - 0000008B (0x13 bytes), align: 0
  Segment part 27.
           ENTRY                   ADDRESS         REF BY
           =====                   =======         ======
           __INIT_IDATA_I          00000079        Segment part 33 (main)
                                                   Segment part 35 (main)
                                                   __Constant_1 (Common)
                                                   __Constant_2 (LCD_3_Wire)
                                                   __Constant_2710 (main)
                                                   __Constant_3e8 (main)
                                                   __Constant_64 (main)
                                                   __Constant_a (Common)
                                                   __Constant_ffffffff (Common)
    -------------------------------------------------------------------------
CSTART
  Relative segment, address: CODE 0000008C - 00000091 (0x6 bytes), align: 0
  Segment part 38.            Intra module refs:   ?cmain
           ENTRY                   ADDRESS         REF BY
           =====                   =======         ======
           ?call_main              0000008C 

    -------------------------------------------------------------------------
  LIBRARY MODULE, NAME : CSTARTUP

  SEGMENTS IN THE MODULE
  ======================
REGISTERS
  Relative segment, address: DATA 00000000, align: 0
  Segment part 0.             Intra module refs:   Segment part 6
           ENTRY                   ADDRESS         REF BY
           =====                   =======         ======
           ?REGISTERS              00000000 
    -------------------------------------------------------------------------
ISTACK
  Relative segment, address: IDATA 000000C0, align: 0
  Segment part 1.             Intra module refs:   Segment part 6
           ENTRY                   ADDRESS         REF BY
           =====                   =======         ======
           ?ISTACK_START           000000C0 
    -------------------------------------------------------------------------
INTVEC
  Common segment, address: CODE 00000000 - 00000002 (0x3 bytes), align: 0
  Segment part 5. ROOT        Intra module refs:   Segment part 6
    -------------------------------------------------------------------------
CSTART
  Relative segment, address: CODE 00000092 - 00000097 (0x6 bytes), align: 0
  Segment part 6. ROOT        Intra module refs:   Segment part 5
           ENTRY                   ADDRESS         REF BY
           =====                   =======         ======
           __program_start         00000092        Absolute parts (?ABS_ENTRY_MOD)
           ?RESET_SP               00000095 
    -------------------------------------------------------------------------
CSTART
  Relative segment, address: CODE 00000098 - 0000009A (0x3 bytes), align: 0
  Segment part 12.            Intra module refs:   Absolute parts
           ENTRY                   ADDRESS         REF BY
           =====                   =======         ======
           ?RESET_DPS              00000098 
    -------------------------------------------------------------------------
CSTART
  Relative segment, address: CODE 0000009B - 0000009D (0x3 bytes), align: 0
  Segment part 14.            Intra module refs:   Absolute parts

    -------------------------------------------------------------------------
  LIBRARY MODULE, NAME : VIRTUAL_REGISTERS

  SEGMENTS IN THE MODULE
  ======================
BREG
  Relative segment, address: BIT 00000020.0 - 00000020.7 (0x8 bits), align: 0
  Segment part 0.
           ENTRY                   ADDRESS         REF BY
           =====                   =======         ======
           ?B0                     00000020.0      Absolute parts (CSTARTUP)
    -------------------------------------------------------------------------
VREG
  Relative segment, address: DATA 00000008 - 00000008 (0x1 bytes), align: 0
  Segment part 1.             Intra module refs:   ?V1
           ENTRY                   ADDRESS         REF BY
           =====                   =======         ======
           ?V0                     00000008        ?FUNC_ENTER_SP (?FUNC_ENTER_SP)
                                                   ?FUNC_LEAVE_SP (?FUNC_LEAVE_SP)
                                                   ?INTERRUPT_ENTER_SP (?INTERRUPT_ENTER_SP)
                                                   ?INTERRUPT_LEAVE_SP (?INTERRUPT_LEAVE_SP)
                                                   Input_Capture_ISR (main)
                                                   LCD_init (LCD_3_Wire)
                                                   LCD_toggle_EN (LCD_3_Wire)
                                                   Timer0_Delay1ms (Delay)
                                                   Timer_1_ISR (main)
                                                   lcd_print (main)
                                                   main (main)
    -------------------------------------------------------------------------
VREG
  Relative segment, address: DATA 00000009 - 00000009 (0x1 bytes), align: 0
  Segment part 2.             Intra module refs:   ?V2
           ENTRY                   ADDRESS         REF BY
           =====                   =======         ======
           ?V1                     00000009        Input_Capture_ISR (main)
                                                   LCD_init (LCD_3_Wire)
                                                   LCD_toggle_EN (LCD_3_Wire)
                                                   Timer0_Delay1ms (Delay)
                                                   lcd_print (main)
                                                   main (main)
    -------------------------------------------------------------------------
VREG
  Relative segment, address: DATA 0000000A - 0000000A (0x1 bytes), align: 0
  Segment part 3.             Intra module refs:   ?V3
           ENTRY                   ADDRESS         REF BY
           =====                   =======         ======
           ?V2                     0000000A        Input_Capture_ISR (main)
                                                   LCD_init (LCD_3_Wire)
                                                   LCD_toggle_EN (LCD_3_Wire)
                                                   Timer0_Delay1ms (Delay)
                                                   lcd_print (main)
                                                   main (main)
    -------------------------------------------------------------------------
VREG
  Relative segment, address: DATA 0000000B - 0000000B (0x1 bytes), align: 0
  Segment part 4.             Intra module refs:   ?V4
           ENTRY                   ADDRESS         REF BY
           =====                   =======         ======
           ?V3                     0000000B        Input_Capture_ISR (main)
                                                   LCD_init (LCD_3_Wire)
                                                   LCD_toggle_EN (LCD_3_Wire)
                                                   Timer0_Delay1ms (Delay)
                                                   lcd_print (main)
                                                   main (main)
    -------------------------------------------------------------------------
VREG
  Relative segment, address: DATA 0000000C - 0000000C (0x1 bytes), align: 0
  Segment part 5.             Intra module refs:   ?V5
           ENTRY                   ADDRESS         REF BY
           =====                   =======         ======
           ?V4                     0000000C        lcd_print (main)
                                                   main (main)
    -------------------------------------------------------------------------
VREG
  Relative segment, address: DATA 0000000D - 0000000D (0x1 bytes), align: 0
  Segment part 6.             Intra module refs:   ?V6
           ENTRY                   ADDRESS         REF BY
           =====                   =======         ======
           ?V5                     0000000D        lcd_print (main)
                                                   main (main)
    -------------------------------------------------------------------------
VREG
  Relative segment, address: DATA 0000000E - 0000000E (0x1 bytes), align: 0
  Segment part 7.             Intra module refs:   ?V7
           ENTRY                   ADDRESS         REF BY
           =====                   =======         ======
           ?V6                     0000000E        lcd_print (main)
                                                   main (main)
    -------------------------------------------------------------------------
VREG
  Relative segment, address: DATA 0000000F - 0000000F (0x1 bytes), align: 0
  Segment part 8.
           ENTRY                   ADDRESS         REF BY
           =====                   =======         ======
           ?V7                     0000000F        lcd_print (main)
                                                   main (main)

    -------------------------------------------------------------------------
  LIBRARY MODULE, NAME : ?L_TO_FLT

  SEGMENTS IN THE MODULE
  ======================
RCODE
  Relative segment, address: CODE 000000D3 - 0000012F (0x5d bytes), align: 0
  Segment part 3.
           ENTRY                   ADDRESS         REF BY
           =====                   =======         ======
           ?UL_TO_FLT              000000D3        main (main)

    -------------------------------------------------------------------------
  LIBRARY MODULE, NAME : ?FLT_TO_L

  SEGMENTS IN THE MODULE
  ======================
RCODE
  Relative segment, address: CODE 00000130 - 0000013A (0xb bytes), align: 0
  Segment part 2.
           ENTRY                   ADDRESS         REF BY
           =====                   =======         ======
           ?FLT_TO_UL              00000130        main (main)
    -------------------------------------------------------------------------
RCODE
  Relative segment, address: CODE 0000013B - 00000146 (0xc bytes), align: 0
  Segment part 6.             Intra module refs:   ?FLT_TO_UL
    -------------------------------------------------------------------------
RCODE
  Relative segment, address: CODE 00000147 - 00000195 (0x4f bytes), align: 0
  Segment part 7.             Intra module refs:   ?FLT_TO_UL

    -------------------------------------------------------------------------
  LIBRARY MODULE, NAME : ?FLT_TEST_ZERO

  SEGMENTS IN THE MODULE
  ======================
RCODE
  Relative segment, address: CODE 00000196 - 0000019E (0x9 bytes), align: 0
  Segment part 1.
           ENTRY                   ADDRESS         REF BY
           =====                   =======         ======
           ?FLT_TEST_ZERO_REW      00000196        ?FLT_DIV (?FLT_DIV)

    -------------------------------------------------------------------------
  LIBRARY MODULE, NAME : ?FLT_TEST_ZERO_R1

  SEGMENTS IN THE MODULE
  ======================
RCODE
  Relative segment, address: CODE 0000019F - 000001A7 (0x9 bytes), align: 0
  Segment part 1.
           ENTRY                   ADDRESS         REF BY
           =====                   =======         ======
           ?FLT_TEST_ZERO_R1_REW   0000019F        ?FLT_DIV (?FLT_DIV)

    -------------------------------------------------------------------------
  LIBRARY MODULE, NAME : ?FLT_TEST_INF

  SEGMENTS IN THE MODULE
  ======================
RCODE
  Relative segment, address: CODE 000001A8 - 000001B8 (0x11 bytes), align: 0
  Segment part 1.
           ENTRY                   ADDRESS         REF BY
           =====                   =======         ======
           ?FLT_TEST_INF           000001A8        ?FLT_DIV (?FLT_DIV)

    -------------------------------------------------------------------------
  LIBRARY MODULE, NAME : ?FLT_TEST_INF_R1

  SEGMENTS IN THE MODULE
  ======================
RCODE
  Relative segment, address: CODE 000001B9 - 000001C9 (0x11 bytes), align: 0
  Segment part 1.
           ENTRY                   ADDRESS         REF BY
           =====                   =======         ======
           ?FLT_TEST_INF_R1        000001B9        ?FLT_DIV (?FLT_DIV)

    -------------------------------------------------------------------------
  LIBRARY MODULE, NAME : ?FLT_TEST_NAN

  SEGMENTS IN THE MODULE
  ======================
RCODE
  Relative segment, address: CODE 000001CA - 000001D8 (0xf bytes), align: 0
  Segment part 1.
           ENTRY                   ADDRESS         REF BY
           =====                   =======         ======
           ?FLT_TEST_NAN           000001CA        ?FLT_DIV (?FLT_DIV)

    -------------------------------------------------------------------------
  LIBRARY MODULE, NAME : ?FLT_TEST_NAN_R1

  SEGMENTS IN THE MODULE
  ======================
RCODE
  Relative segment, address: CODE 000001D9 - 000001E7 (0xf bytes), align: 0
  Segment part 1.
           ENTRY                   ADDRESS         REF BY
           =====                   =======         ======
           ?FLT_TEST_NAN_R1        000001D9        ?FLT_DIV (?FLT_DIV)

    -------------------------------------------------------------------------
  LIBRARY MODULE, NAME : ?FLT_DIV

  SEGMENTS IN THE MODULE
  ======================
RCODE
  Relative segment, address: CODE 000001E8 - 000003CD (0x1e6 bytes), align: 0
  Segment part 1.
           ENTRY                   ADDRESS         REF BY
           =====                   =======         ======
           ?FLT_DIV                000001E8        main (main)

    -------------------------------------------------------------------------
  LIBRARY MODULE, NAME : ?UL_DIV_MOD

  SEGMENTS IN THE MODULE
  ======================
RCODE
  Relative segment, address: CODE 000003CE - 0000043C (0x6f bytes), align: 0
  Segment part 1.
           ENTRY                   ADDRESS         REF BY
           =====                   =======         ======
           ?UL_DIV_MOD             000003CE        lcd_print (main)

    -------------------------------------------------------------------------
  LIBRARY MODULE, NAME : ?L_SHL

  SEGMENTS IN THE MODULE
  ======================
RCODE
  Relative segment, address: CODE 0000043D - 00000442 (0x6 bytes), align: 0
  Segment part 0.
           ENTRY                   ADDRESS         REF BY
           =====                   =======         ======
           ?L_SHL                  0000043D        Input_Capture_ISR (main)
    -------------------------------------------------------------------------
RCODE
  Relative segment, address: CODE 00000443 - 00000447 (0x5 bytes), align: 0
  Segment part 1.             Intra module refs:   Segment part 2
           ENTRY                   ADDRESS         REF BY
           =====                   =======         ======
           ?L_SHL_REW              00000443 
    -------------------------------------------------------------------------
RCODE
  Relative segment, address: CODE 00000448 - 0000045B (0x14 bytes), align: 0
  Segment part 2.             Intra module refs:   ?L_SHL
                                                   ?L_SHL_REW

    -------------------------------------------------------------------------
  LIBRARY MODULE, NAME : ?L_ADD

  SEGMENTS IN THE MODULE
  ======================
RCODE
  Relative segment, address: CODE 0000045C - 0000046E (0x13 bytes), align: 0
  Segment part 1.
           ENTRY                   ADDRESS         REF BY
           =====                   =======         ======
           ?L_ADD                  0000045C        Input_Capture_ISR (main)
                                                   Timer0_Delay1ms (Delay)
                                                   Timer_2_ISR (main)

    -------------------------------------------------------------------------
  LIBRARY MODULE, NAME : ?L_SUB

  SEGMENTS IN THE MODULE
  ======================
RCODE
  Relative segment, address: CODE 0000046F - 00000482 (0x14 bytes), align: 0
  Segment part 1.
           ENTRY                   ADDRESS         REF BY
           =====                   =======         ======
           ?L_SUB                  0000046F        Input_Capture_ISR (main)

    -------------------------------------------------------------------------
  LIBRARY MODULE, NAME : ?L_IOR

  SEGMENTS IN THE MODULE
  ======================
RCODE
  Relative segment, address: CODE 00000483 - 00000495 (0x13 bytes), align: 0
  Segment part 1.
           ENTRY                   ADDRESS         REF BY
           =====                   =======         ======
           ?L_IOR                  00000483        Input_Capture_ISR (main)

    -------------------------------------------------------------------------
  LIBRARY MODULE, NAME : ?L_MOV

  SEGMENTS IN THE MODULE
  ======================
RCODE
  Relative segment, address: CODE 00000496 - 000004A4 (0xf bytes), align: 0
  Segment part 0.
           ENTRY                   ADDRESS         REF BY
           =====                   =======         ======
           ?L_MOV                  00000496        Input_Capture_ISR (main)
                                                   LCD_init (LCD_3_Wire)
                                                   LCD_toggle_EN (LCD_3_Wire)
                                                   lcd_print (main)
                                                   main (main)

    -------------------------------------------------------------------------
  LIBRARY MODULE, NAME : ?L_MOV_A

  SEGMENTS IN THE MODULE
  ======================
RCODE
  Relative segment, address: CODE 000004A5 - 000004B9 (0x15 bytes), align: 0
  Segment part 0.
           ENTRY                   ADDRESS         REF BY
           =====                   =======         ======
           ?L_MOV_A                000004A5        Input_Capture_ISR (main)

    -------------------------------------------------------------------------
  LIBRARY MODULE, NAME : ?FUNC_ENTER_SP

  SEGMENTS IN THE MODULE
  ======================
RCODE
  Relative segment, address: CODE 000004BA - 000004D2 (0x19 bytes), align: 0
  Segment part 0.
           ENTRY                   ADDRESS         REF BY
           =====                   =======         ======
           ?FUNC_ENTER_SP          000004BA        lcd_print (main)

    -------------------------------------------------------------------------
  LIBRARY MODULE, NAME : ?FUNC_LEAVE_SP

  SEGMENTS IN THE MODULE
  ======================
RCODE
  Relative segment, address: CODE 000004D3 - 000004EC (0x1a bytes), align: 0
  Segment part 0.
           ENTRY                   ADDRESS         REF BY
           =====                   =======         ======
           ?FUNC_LEAVE_SP          000004D3        lcd_print (main)

    -------------------------------------------------------------------------
  LIBRARY MODULE, NAME : ?INTERRUPT_ENTER_SP

  SEGMENTS IN THE MODULE
  ======================
RCODE
  Relative segment, address: CODE 000004ED - 00000529 (0x3d bytes), align: 0
  Segment part 0.
           ENTRY                   ADDRESS         REF BY
           =====                   =======         ======
           ?INTERRUPT_ENTER_SP     000004ED        Timer_1_ISR (main)

    -------------------------------------------------------------------------
  LIBRARY MODULE, NAME : ?INTERRUPT_LEAVE_SP

  SEGMENTS IN THE MODULE
  ======================
RCODE
  Relative segment, address: CODE 0000052A - 0000055F (0x36 bytes), align: 0
  Segment part 0.
           ENTRY                   ADDRESS         REF BY
           =====                   =======         ======
           ?INTERRUPT_LEAVE_SP     0000052A        Timer_1_ISR (main)

    -------------------------------------------------------------------------
  LIBRARY MODULE, NAME : ?PUSH_ISTACK_I

  SEGMENTS IN THE MODULE
  ======================
RCODE
  Relative segment, address: CODE 00000560 - 00000563 (0x4 bytes), align: 0
  Segment part 0.
           ENTRY                   ADDRESS         REF BY
           =====                   =======         ======
           ?PUSH_ISTACK_I_FOUR     00000560        main (main)
    -------------------------------------------------------------------------
RCODE
  Relative segment, address: CODE 00000564 - 0000056F (0xc bytes), align: 0
  Segment part 2.             Intra module refs:   ?PUSH_ISTACK_I_FOUR
           ENTRY                   ADDRESS         REF BY
           =====                   =======         ======
           ?PUSH_ISTACK_I          00000564 




                ****************************************
                *                                      *
                *      SEGMENTS IN ADDRESS ORDER       *
                *                                      *
                ****************************************


SEGMENT              SPACE    START ADDRESS   END ADDRESS     SIZE  TYPE  ALIGN
=======              =====    =============   ===========     ====  ====  =====
INTVEC               CODE          00000000 - 00000065          66   com    0
CSTART               CODE          00000066 - 0000009D          38   rel    0
BIT_ID               CODE               0000009E                     dse    0
BDATA_ID             CODE               0000009E                     dse    0
DATA_ID              CODE               0000009E                     dse    0
IDATA_ID             CODE          0000009E - 000000D2          35   rel    0
RCODE                CODE          000000D3 - 0000056F         49D   rel    0
<NEAR_CODE> 1        CODE          00000570 - 00000BD5         666   rel    0
REGISTERS            DATA          00000000 - 00000007           8   rel    0
VREG                 DATA          00000008 - 0000000F           8   rel    0
BREG                 BIT        00000020.0  -  00000020.7        8   rel    0
SFR_AN               DATA          00000080 - 00000080           1   rel    0
                     DATA          00000087 - 0000008E           8 
                     DATA          00000092 - 0000009B           A 
                     DATA          000000A8 - 000000A8           1 
                     DATA          000000B1 - 000000B5           5 
                     DATA          000000C4 - 000000C9           6 
                     DATA          000000CC - 000000CD           2 
                     DATA          000000E4 - 000000E5           2 
                     DATA          000000F1 - 000000F1           1 
                     DATA          000000F8 - 000000F8           1 
IDATA_I              IDATA         00000021 - 00000055          35   rel    0
IDATA_Z              IDATA         00000056 - 00000067          12   rel    0
ISTACK               IDATA         000000C0 - 000000FF          40   rel    0

                ****************************************
                *                                      *
                *        END OF CROSS REFERENCE        *
                *                                      *
                ****************************************

 3 030 bytes of CODE  memory
    16 bytes of DATA  memory (+ 37 absolute )
   135 bytes of IDATA memory
     8 bits  of BIT   memory

Errors: none
Warnings: none

