C51 COMPILER V9.56.0.0   DHT11                                                             07/25/2018 15:55:10 PAGE 1   


C51 COMPILER V9.56.0.0, COMPILATION OF MODULE DHT11
OBJECT MODULE PLACED IN .\Objects\DHT11.obj
COMPILER INVOKED BY: C:\Keil_v5\C51\BIN\C51.EXE ..\..\My_Libraries\DHT11\DHT11.c OPTIMIZE(8,SPEED) BROWSE INCDIR(..\..\I
                    -nclude;..\..\My_Libraries\2 Wire LCD  (Software Delay);..\..\My_Libraries\DHT11;..\..\My_Libraries\Software Delay) DEFIN
                    -E(FOSC_160000) DEBUG OBJECTEXTEND PRINT(.\Listings\DHT11.lst) TABS(2) OBJECT(.\Objects\DHT11.obj)

line level    source

   1          #include "N76E003.h"
   2          #include "SFR_Macro.h"
   3          #include "Function_define.h"
   4          #include "Common.h"
   5          #include "Delay.h"
   6          #include "soft_delay.h"
   7          #include "DHT11.h"
   8          
   9          
  10          extern unsigned char values[5]; 
  11          
  12          
  13          void DHT11_init(void)
  14          {
  15   1         DHT11_pin_init();
  16   1         delay_ms(1000);
  17   1      }
  18          
  19          
  20          unsigned char get_byte(void)
  21          {
  22   1         unsigned char s = 0;
  23   1         unsigned char value = 0;
  24   1      
  25   1         for(s = 0; s < 8; s++) 
  26   1         {
  27   2            value <<= 1;
  28   2            while(DHT11_pin_IN() == LOW);
  29   2            delay_us(30);
  30   2      
  31   2            if(DHT11_pin_IN() == HIGH)
  32   2            {
  33   3                value |= 1;
  34   3            }
  35   2            
  36   2            while(DHT11_pin_IN() == HIGH);
  37   2         }
  38   1         return value;
  39   1      }
  40          
  41          
  42          unsigned char get_data(void)
  43          {
  44   1         short chk = 0;
  45   1         unsigned char s = 0;
  46   1         unsigned char check_sum = 0;
  47   1      
  48   1         DHT11_pin_HIGH();
  49   1         DHT11_pin_LOW();
  50   1         delay_ms(18);
  51   1         DHT11_pin_HIGH();
  52   1         delay_us(26);
  53   1         
C51 COMPILER V9.56.0.0   DHT11                                                             07/25/2018 15:55:10 PAGE 2   

  54   1         chk = DHT11_pin_IN();
  55   1         
  56   1         if(chk)
  57   1         {
  58   2            return 1;
  59   2         }
  60   1         delay_us(80);
  61   1         
  62   1         chk = DHT11_pin_IN();
  63   1      
  64   1         if(!chk)
  65   1         {
  66   2            return 2;
  67   2         }
  68   1         delay_us(80);
  69   1      
  70   1         for(s = 0; s <= 4; s += 1)
  71   1         {
  72   2             values[s] = get_byte();
  73   2         }
  74   1        
  75   1         DHT11_pin_HIGH(); 
  76   1         
  77   1         for(s = 0; s < 4; s += 1)
  78   1         {
  79   2             check_sum += values[s];
  80   2         }
  81   1         
  82   1         if(check_sum != values[4])
  83   1         {
  84   2            return 3;
  85   2         }
  86   1         else
  87   1         {
  88   2            return 0;
  89   2         }
  90   1      }


MODULE INFORMATION:   STATIC OVERLAYABLE
   CODE SIZE        =    169    ----
   CONSTANT SIZE    =   ----    ----
   XDATA SIZE       =   ----    ----
   PDATA SIZE       =   ----    ----
   DATA SIZE        =   ----       4
   IDATA SIZE       =   ----    ----
   BIT SIZE         =   ----    ----
END OF MODULE INFORMATION.


C51 COMPILATION COMPLETE.  0 WARNING(S),  0 ERROR(S)
