################################################################################
#                                                                              #
#      IAR Universal Linker V6.5.2.97                                          #
#                                                                              #
#           Link time     =  09/Jul/2018  23:20:11                             #
#           Target CPU    =  x51                                               #
#           List file     =  "C:\Users\sshah\Desktop\N76E003 Tutorial\N76E003  #
#                            IAR Code Examples\Codes\ADC_Interrupt\Debug\List\ #
#                            adc_irq.map"                                      #
#           Output file 1 =  "C:\Users\sshah\Desktop\N76E003 Tutorial\N76E003  #
#                            IAR Code Examples\Codes\ADC_Interrupt\Debug\Exe\a #
#                            dc_irq.bin"                                       #
#                            Format: raw-binary                                #
#           Command line  =  -f C:\Users\sshah\AppData\Local\Temp\EWFF8C.tmp   #
#                            ("C:\Users\sshah\Desktop\N76E003 Tutorial\N76E003 #
#                             IAR Code Examples\Codes\ADC_Interrupt\Debug\Obj\ #
#                            Common.r51"                                       #
#                            "C:\Users\sshah\Desktop\N76E003 Tutorial\N76E003  #
#                            IAR Code Examples\Codes\ADC_Interrupt\Debug\Obj\L #
#                            CD_2_Wire.r51"                                    #
#                            "C:\Users\sshah\Desktop\N76E003 Tutorial\N76E003  #
#                            IAR Code Examples\Codes\ADC_Interrupt\Debug\Obj\m #
#                            ain.r51"                                          #
#                            "C:\Users\sshah\Desktop\N76E003 Tutorial\N76E003  #
#                            IAR Code Examples\Codes\ADC_Interrupt\Debug\Obj\P #
#                            CF8574.r51"                                       #
#                            "C:\Users\sshah\Desktop\N76E003 Tutorial\N76E003  #
#                            IAR Code Examples\Codes\ADC_Interrupt\Debug\Obj\s #
#                            oft_delay.r51"                                    #
#                            "C:\Users\sshah\Desktop\N76E003 Tutorial\N76E003  #
#                            IAR Code Examples\Codes\ADC_Interrupt\Debug\Obj\S #
#                            W_I2C.r51"                                        #
#                            -o                                                #
#                            "C:\Users\sshah\Desktop\N76E003 Tutorial\N76E003  #
#                            IAR Code Examples\Codes\ADC_Interrupt\Debug\Exe\a #
#                            dc_irq.bin"                                       #
#                            -Fraw-binary -l                                   #
#                            "C:\Users\sshah\Desktop\N76E003 Tutorial\N76E003  #
#                            IAR Code Examples\Codes\ADC_Interrupt\Debug\List\ #
#                            adc_irq.map"                                      #
#                            -xms                                              #
#                            "-IC:\Program Files (x86)\IAR Systems\Embedded Wo #
#                            rkbench 8.0\8051\LIB\"                            #
#                            -f                                                #
#                            "C:\Program Files (x86)\IAR Systems\Embedded Work #
#                            bench 8.0\8051\config\devices\NuvoTon\lnk51ew_N76 #
#                            E003.xcl"                                         #
#                            (-D_IDATA0_START=0x00 -D_IDATA0_END=0xFF          #
#                            -D_PDATA0_START=0x0000 -D_PDATA0_END=0x00FF       #
#                            -D_IXDATA0_START=0x0001 -D_IXDATA0_END=0x02FF     #
#                            -D_XDATA0_START=0x0001 -D_XDATA0_END=0x02FF       #
#                            -D_CODE0_START=0x0000 -D_CODE0_END=0x47FF         #
#                            -D?REGISTER_BANK=0x0 -D_REGISTER_BANK_START=0x0   #
#                            -D_BREG_START=0x00 -D?VB=0x20                     #
#                            -Z(BIT)BREG=_BREG_START -Z(BIT)BIT_N=0-7F         #
#                            -Z(DATA)REGISTERS+8=_REGISTER_BANK_START          #
#                            -Z(DATA)BDATA_Z,BDATA_N,BDATA_I=20-2F             #
#                            -Z(DATA)VREG=08-7F -Z(DATA)PSP,XSP=08-7F          #
#                            -Z(DATA)DOVERLAY=08-7F                            #
#                            -Z(DATA)DATA_I,DATA_Z,DATA_N=08-7F                #
#                            -U(IDATA)0-7F=(DATA)0-7F                          #
#                            -Z(IDATA)IDATA_I,IDATA_Z,IDATA_N=08-_IDATA0_END   #
#                            -Z(IDATA)ISTACK+_IDATA_STACK_SIZE#08-_IDATA0_END  #
#                            -Z(IDATA)IOVERLAY=08-FF -Z(CODE)INTVEC=0          #
#                            -Z(CODE)CSTART=_CODE0_START-_CODE0_END            #
#                            -Z(CODE)BIT_ID,BDATA_ID,DATA_ID,IDATA_ID,IXDATA_I #
#                            D,PDATA_ID,XDATA_ID=_CODE0_START-_CODE0_END       #
#                            -Z(CODE)HUGE_ID=_CODE0_START-_CODE0_END           #
#                            -Z(CODE)RCODE,DIFUNCT=_CODE0_START-_CODE0_END     #
#                            -P(CODE)CODE_C,CODE_N,NEAR_CODE=_CODE0_START-_COD #
#                            E0_END                                            #
#                            -Z(CODE)CHECKSUM#_CODE0_END                       #
#                            -Z(XDATA)PDATA_Z,PDATA_I=_PDATA0_START-_PDATA0_EN #
#                            D                                                 #
#                            -P(XDATA)PDATA_N=_PDATA0_START-_PDATA0_END        #
#                            -Z(XDATA)PSTACK+_PDATA_STACK_SIZE=_PDATA0_START-_ #
#                            PDATA0_END                                        #
#                            -Z(XDATA)EXT_STACK+_EXTENDED_STACK_SIZE=_EXTENDED #
#                            _STACK_START                                      #
#                            -Z(XDATA)XSTACK+_XDATA_STACK_SIZE=_XDATA0_START-_ #
#                            XDATA0_END                                        #
#                            -Z(XDATA)IXDATA_I,IXDATA_Z=_IXDATA0_START-_IXDATA #
#                            0_END                                             #
#                            -P(XDATA)IXDATA_N=_IXDATA0_START-_IXDATA0_END     #
#                            -Z(XDATA)XDATA_I,XDATA_Z=_XDATA0_START-_XDATA0_EN #
#                            D                                                 #
#                            -P(XDATA)XDATA_N=_XDATA0_START-_XDATA0_END        #
#                            -Z(XDATA)XDATA_HEAP+_XDATA_HEAP_SIZE=_XDATA0_STAR #
#                            T-_XDATA0_END                                     #
#                            -Z(CONST)XDATA_ROM_C=_XDATA0_START-_XDATA0_END    #
#                            -Z(CODE)FAR22_ID=[_CODE0_START-_CODE0_END]/10000  #
#                            -Z(CODE)FAR_ID=[_CODE0_START-_CODE0_END]/10000    #
#                            -cx51)                                            #
#                            "-IC:\Program Files (x86)\IAR Systems\Embedded Wo #
#                            rkbench 8.0\8051\CONFIG\"                         #
#                            -D?DPMASK=0x01 -D_NR_OF_VIRTUAL_REGISTERS=8       #
#                            -D?DPS=0xA2 -D?PBANK=0x91 -D?CBANK=0xF0           #
#                            -D?CBANK_MASK=0x30 -e?BCALL_30=?BCALL             #
#                            -e?BRET_30=?BRET -e?BDISPATCH_30=?BDISPATCH       #
#                            -D_CODEBANK_START=0x8000 -D_CODEBANK_END=0xFFFF   #
#                            -D_NR_OF_BANKS=0x03 -s __program_start            #
#                            "C:\Program Files (x86)\IAR Systems\Embedded Work #
#                            bench 8.0\8051\LIB\CLIB\cl-pli-nsid-2h16inc.r51"  #
#                            -D_IDATA_STACK_SIZE=0x40 -D?ESP=0 -D?ESP_MASK=0   #
#                            -D_EXTENDED_STACK_START=0                         #
#                            -D_EXTENDED_STACK_SIZE=0                          #
#                            -D_PDATA_STACK_SIZE=0x80                          #
#                            -D_XDATA_STACK_SIZE=0xEFF                         #
#                            -D_XDATA_HEAP_SIZE=0xFF -D_FAR_HEAP_SIZE=0xFFF    #
#                            -D_HUGE_HEAP_SIZE=0xFFF                           #
#                            -D_FAR22_HEAP_SIZE=0xFFF)                         #
#                                                                              #
#                           Copyright (C) 1987-2017 IAR Systems AB.            #
################################################################################





                ****************************************
                *                                      *
                *           CROSS REFERENCE            *
                *                                      *
                ****************************************

       Program entry at : CODE      0000008A  Relocatable, from module : CSTARTUP




                ****************************************
                *                                      *
                *            RUNTIME MODEL             *
                *                                      *
                ****************************************

  __SystemLibrary          = CLib
  __calling_convention     = idata_reentrant
  __code_model             = near
  __core                   = plain
  __data_model             = small
  __dptr_size              = 16
  __dptr_visibility        = shadowed
  __extended_stack         = disabled
  __location_for_constants = data
  __number_of_dptrs        = 2
  __register_banks         = *
  __rt_version             = 1

                ****************************************
                *                                      *
                *    AUTOMATIC SYMBOL REDIRECTIONS     *
                *                                      *
                ****************************************

                  There are no automatic symbol redirections.



                ****************************************
                *                                      *
                *              MODULE MAP              *
                *                                      *
                ****************************************


  DEFINED ABSOLUTE ENTRIES
    *************************************************************************

  DEFINED ABSOLUTE ENTRIES
  PROGRAM MODULE, NAME : ?ABS_ENTRY_MOD

Absolute parts
           ENTRY                   ADDRESS         REF BY
           =====                   =======         ======
           _FAR22_HEAP_SIZE        00000FFF 
           _HUGE_HEAP_SIZE         00000FFF 
           _FAR_HEAP_SIZE          00000FFF 
           _XDATA_HEAP_SIZE        000000FF 
           _XDATA_STACK_SIZE       00000EFF 
           _PDATA_STACK_SIZE       00000080 
           _EXTENDED_STACK_SIZE    00000000 
           _EXTENDED_STACK_START   00000000 
           ?ESP_MASK               00000000 
           ?ESP                    00000000 
           _IDATA_STACK_SIZE       00000040 
           _NR_OF_BANKS            00000003 
           _CODEBANK_END           0000FFFF 
           _CODEBANK_START         00008000 
           ?CBANK_MASK             00000030 
           ?CBANK                  000000F0 
           ?PBANK                  00000091 
           ?DPS                    000000A2        ?FUNC_ENTER_SP (?FUNC_ENTER_SP)
                                                   ?FUNC_LEAVE_SP (?FUNC_LEAVE_SP)
                                                   ?INTERRUPT_ENTER_SP (?INTERRUPT_ENTER_SP)
                                                   ?INTERRUPT_LEAVE_SP (?INTERRUPT_LEAVE_SP)
                                                   ?RESET_DPS (CSTARTUP)
                                                   ADC_read (main)
                                                   LCD_4bit_send (LCD_2_Wire)
                                                   LCD_clear_home (LCD_2_Wire)
                                                   LCD_goto (LCD_2_Wire)
                                                   LCD_init (LCD_2_Wire)
                                                   LCD_putchar (LCD_2_Wire)
                                                   LCD_putstr (LCD_2_Wire)
                                                   LCD_send (LCD_2_Wire)
                                                   LCD_toggle_EN (LCD_2_Wire)
                                                   PCF8574_init (PCF8574)
                                                   PCF8574_write (PCF8574)
                                                   SW_I2C_ACK_NACK (SW_I2C)
                                                   SW_I2C_init (SW_I2C)
                                                   SW_I2C_start (SW_I2C)
                                                   SW_I2C_stop (SW_I2C)
                                                   SW_I2C_write (SW_I2C)
                                                   delay_ms (soft_delay)
                                                   delay_us (soft_delay)
                                                   setup (main)
           _NR_OF_VIRTUAL_REGISTERS
                                   00000008 
           ?DPMASK                 00000001        ?FUNC_ENTER_SP (?FUNC_ENTER_SP)
                                                   ?FUNC_LEAVE_SP (?FUNC_LEAVE_SP)
                                                   ?INTERRUPT_ENTER_SP (?INTERRUPT_ENTER_SP)
                                                   ?INTERRUPT_LEAVE_SP (?INTERRUPT_LEAVE_SP)
                                                   ?RESET_DPS (CSTARTUP)
           ?VB                     00000020        ?FUNC_ENTER_SP (?FUNC_ENTER_SP)
                                                   ?FUNC_LEAVE_SP (?FUNC_LEAVE_SP)
                                                   ?INTERRUPT_ENTER_SP (?INTERRUPT_ENTER_SP)
                                                   ?INTERRUPT_LEAVE_SP (?INTERRUPT_LEAVE_SP)
           _BREG_START             00000000 
           _REGISTER_BANK_START    00000000 
           ?REGISTER_BANK          00000000        Segment part 6 (CSTARTUP)
           _CODE0_END              000047FF 
           _CODE0_START            00000000 
           _XDATA0_END             000002FF 
           _XDATA0_START           00000001 
           _IXDATA0_END            000002FF 
           _IXDATA0_START          00000001 
           _PDATA0_END             000000FF 
           _PDATA0_START           00000000 
           _IDATA0_END             000000FF 
           _IDATA0_START           00000000 
    *************************************************************************

  FILE NAME : C:\Users\sshah\Desktop\N76E003 Tutorial\N76E003 IAR Code Examples\Codes\ADC_Interrupt\Debug\Obj\Common.r51
  PROGRAM MODULE, NAME : Common

  SEGMENTS IN THE MODULE
  ======================
SFR_AN
  Relative segment, address: DATA 00000087 - 00000087 (0x1 bytes), align: 0
  Segment part 1. ROOT 
           ENTRY                   ADDRESS         REF BY
           =====                   =======         ======
           PCON                    00000087 
    -------------------------------------------------------------------------
SFR_AN
  Relative segment, address: DATA 00000088 - 00000088 (0x1 bytes), align: 0
  Segment part 2. ROOT 
           ENTRY                   ADDRESS         REF BY
           =====                   =======         ======
           _A_TCON                 00000088 
           LOCAL                   ADDRESS         
           =====                   =======         
           TCON                    00000088 
           TCON_bit                00000088 
    -------------------------------------------------------------------------
SFR_AN
  Relative segment, address: DATA 00000089 - 00000089 (0x1 bytes), align: 0
  Segment part 3. ROOT 
           ENTRY                   ADDRESS         REF BY
           =====                   =======         ======
           TMOD                    00000089 
    -------------------------------------------------------------------------
SFR_AN
  Relative segment, address: DATA 0000008D - 0000008D (0x1 bytes), align: 0
  Segment part 4. ROOT 
           ENTRY                   ADDRESS         REF BY
           =====                   =======         ======
           TH1                     0000008D 
    -------------------------------------------------------------------------
SFR_AN
  Relative segment, address: DATA 0000008E - 0000008E (0x1 bytes), align: 0
  Segment part 5. ROOT 
           ENTRY                   ADDRESS         REF BY
           =====                   =======         ======
           CKCON                   0000008E 
    -------------------------------------------------------------------------
SFR_AN
  Relative segment, address: DATA 00000098 - 00000098 (0x1 bytes), align: 0
  Segment part 6. ROOT 
           ENTRY                   ADDRESS         REF BY
           =====                   =======         ======
           _A_SCON                 00000098 
           LOCAL                   ADDRESS         
           =====                   =======         
           SCON                    00000098 
           SCON_bit                00000098 
    -------------------------------------------------------------------------
SFR_AN
  Relative segment, address: DATA 00000099 - 00000099 (0x1 bytes), align: 0
  Segment part 7. ROOT 
           ENTRY                   ADDRESS         REF BY
           =====                   =======         ======
           SBUF                    00000099 
    -------------------------------------------------------------------------
SFR_AN
  Relative segment, address: DATA 0000009A - 0000009A (0x1 bytes), align: 0
  Segment part 8. ROOT 
           ENTRY                   ADDRESS         REF BY
           =====                   =======         ======
           SBUF_1                  0000009A 
    -------------------------------------------------------------------------
SFR_AN
  Relative segment, address: DATA 000000B1 - 000000B1 (0x1 bytes), align: 0
  Segment part 9. ROOT        Intra module refs:   SW_I2C_ACK_NACK (SW_I2C)
                                                   SW_I2C_init (SW_I2C)
                                                   SW_I2C_start (SW_I2C)
                                                   SW_I2C_stop (SW_I2C)
                                                   SW_I2C_write (SW_I2C)
                                                   setup (main)
           ENTRY                   ADDRESS         REF BY
           =====                   =======         ======
           P0M1                    000000B1 
    -------------------------------------------------------------------------
SFR_AN
  Relative segment, address: DATA 000000B2 - 000000B2 (0x1 bytes), align: 0
  Segment part 10. ROOT       Intra module refs:   SW_I2C_ACK_NACK (SW_I2C)
                                                   SW_I2C_init (SW_I2C)
                                                   SW_I2C_start (SW_I2C)
                                                   SW_I2C_stop (SW_I2C)
                                                   SW_I2C_write (SW_I2C)
                                                   setup (main)
           ENTRY                   ADDRESS         REF BY
           =====                   =======         ======
           P0M2                    000000B2 
    -------------------------------------------------------------------------
SFR_AN
  Relative segment, address: DATA 000000B3 - 000000B3 (0x1 bytes), align: 0
  Segment part 11. ROOT 
           ENTRY                   ADDRESS         REF BY
           =====                   =======         ======
           P1M1                    000000B3 
    -------------------------------------------------------------------------
SFR_AN
  Relative segment, address: DATA 000000B4 - 000000B4 (0x1 bytes), align: 0
  Segment part 12. ROOT 
           ENTRY                   ADDRESS         REF BY
           =====                   =======         ======
           P1M2                    000000B4 
    -------------------------------------------------------------------------
SFR_AN
  Relative segment, address: DATA 000000C4 - 000000C4 (0x1 bytes), align: 0
  Segment part 13. ROOT 
           ENTRY                   ADDRESS         REF BY
           =====                   =======         ======
           T3CON                   000000C4 
    -------------------------------------------------------------------------
SFR_AN
  Relative segment, address: DATA 000000C5 - 000000C5 (0x1 bytes), align: 0
  Segment part 14. ROOT 
           ENTRY                   ADDRESS         REF BY
           =====                   =======         ======
           RL3                     000000C5 
    -------------------------------------------------------------------------
SFR_AN
  Relative segment, address: DATA 000000C6 - 000000C6 (0x1 bytes), align: 0
  Segment part 15. ROOT 
           ENTRY                   ADDRESS         REF BY
           =====                   =======         ======
           RH3                     000000C6 
    -------------------------------------------------------------------------
SFR_AN
  Relative segment, address: DATA 000000F8 - 000000F8 (0x1 bytes), align: 0
  Segment part 16. ROOT 
           ENTRY                   ADDRESS         REF BY
           =====                   =======         ======
           _A_SCON_1               000000F8 
           LOCAL                   ADDRESS         
           =====                   =======         
           SCON_1                  000000F8 
           SCON_1_bit              000000F8 

    *************************************************************************

  FILE NAME : C:\Users\sshah\Desktop\N76E003 Tutorial\N76E003 IAR Code Examples\Codes\ADC_Interrupt\Debug\Obj\LCD_2_Wire.r51
  PROGRAM MODULE, NAME : LCD_2_Wire

  SEGMENTS IN THE MODULE
  ======================
IDATA_Z
  Relative segment, address: IDATA 0000004B - 0000004B (0x1 bytes), align: 0
  Segment part 6.             Intra module refs:   LCD_init
                                                   LCD_send
           LOCAL                   ADDRESS         
           =====                   =======         
           bl_state                0000004B 
    -------------------------------------------------------------------------
IDATA_Z
  Relative segment, address: IDATA 0000004C - 0000004C (0x1 bytes), align: 0
  Segment part 7.             Intra module refs:   LCD_4bit_send
                                                   LCD_init
                                                   LCD_send
                                                   LCD_toggle_EN
           LOCAL                   ADDRESS         
           =====                   =======         
           data_value              0000004C 
    -------------------------------------------------------------------------
<NEAR_CODE> 1 (was NEAR_CODE)
  Relative segment, address: CODE 00000B4B - 00000B98 (0x4e bytes), align: 0
  Segment part 8.
           ENTRY                   ADDRESS         REF BY
           =====                   =======         ======
           LCD_init                00000B4B        setup (main)
               calls direct
    -------------------------------------------------------------------------
<NEAR_CODE> 1 (was NEAR_CODE)
  Relative segment, address: CODE 00000B99 - 00000BC4 (0x2c bytes), align: 0
  Segment part 9.             Intra module refs:   LCD_4bit_send
           ENTRY                   ADDRESS         REF BY
           =====                   =======         ======
           LCD_toggle_EN           00000B99 
               calls direct
               ISTACK = 00000001 ( 00000000 )
    -------------------------------------------------------------------------
<NEAR_CODE> 1 (was NEAR_CODE)
  Relative segment, address: CODE 00000BC5 - 00000C17 (0x53 bytes), align: 0
  Segment part 10.            Intra module refs:   LCD_clear_home
                                                   LCD_goto
                                                   LCD_init
                                                   LCD_putchar
           ENTRY                   ADDRESS         REF BY
           =====                   =======         ======
           LCD_send                00000BC5 
               calls direct
               ISTACK = 00000002 ( 00000002 )
    -------------------------------------------------------------------------
<NEAR_CODE> 1 (was NEAR_CODE)
  Relative segment, address: CODE 00000C18 - 00000C5C (0x45 bytes), align: 0
  Segment part 11.            Intra module refs:   LCD_send
           ENTRY                   ADDRESS         REF BY
           =====                   =======         ======
           LCD_4bit_send           00000C18 
               calls direct
               ISTACK = 00000002 ( 00000001 )
    -------------------------------------------------------------------------
<NEAR_CODE> 1 (was NEAR_CODE)
  Relative segment, address: CODE 00000C5D - 00000C78 (0x1c bytes), align: 0
  Segment part 12.
           ENTRY                   ADDRESS         REF BY
           =====                   =======         ======
           LCD_putstr              00000C5D        setup (main)
               calls direct
               ISTACK = 00000000 ( 00000001 )
    -------------------------------------------------------------------------
<NEAR_CODE> 1 (was NEAR_CODE)
  Relative segment, address: CODE 00000C79 - 00000C94 (0x1c bytes), align: 0
  Segment part 13.            Intra module refs:   LCD_putstr
           ENTRY                   ADDRESS         REF BY
           =====                   =======         ======
           LCD_putchar             00000C79        lcd_print_i (main)
               calls direct
               ISTACK = 00000001 ( 00000001 )
    -------------------------------------------------------------------------
<NEAR_CODE> 1 (was NEAR_CODE)
  Relative segment, address: CODE 00000C95 - 00000CA6 (0x12 bytes), align: 0
  Segment part 14.
           ENTRY                   ADDRESS         REF BY
           =====                   =======         ======
           LCD_clear_home          00000C95        setup (main)
               calls direct
    -------------------------------------------------------------------------
<NEAR_CODE> 1 (was NEAR_CODE)
  Relative segment, address: CODE 00000CA7 - 00000CD1 (0x2b bytes), align: 0
  Segment part 15.
           ENTRY                   ADDRESS         REF BY
           =====                   =======         ======
           LCD_goto                00000CA7        lcd_print_i (main)
                                                   setup (main)
               calls direct
               ISTACK = 00000000 ( 00000002 )

    *************************************************************************

  FILE NAME : C:\Users\sshah\Desktop\N76E003 Tutorial\N76E003 IAR Code Examples\Codes\ADC_Interrupt\Debug\Obj\main.r51
  PROGRAM MODULE, NAME : main

  SEGMENTS IN THE MODULE
  ======================
SFR_AN
  Relative segment, address: DATA 000000A8 - 000000A8 (0x1 bytes), align: 0
  Segment part 1. ROOT        Intra module refs:   setup
           ENTRY                   ADDRESS         REF BY
           =====                   =======         ======
           _A_IE                   000000A8 
           LOCAL                   ADDRESS         
           =====                   =======         
           IE                      000000A8 
           IE_bit                  000000A8 
    -------------------------------------------------------------------------
SFR_AN
  Relative segment, address: DATA 000000C2 - 000000C2 (0x1 bytes), align: 0
  Segment part 4. ROOT        Intra module refs:   ADC_read
           ENTRY                   ADDRESS         REF BY
           =====                   =======         ======
           ADCRL                   000000C2 
    -------------------------------------------------------------------------
SFR_AN
  Relative segment, address: DATA 000000C3 - 000000C3 (0x1 bytes), align: 0
  Segment part 5. ROOT        Intra module refs:   ADC_read
           ENTRY                   ADDRESS         REF BY
           =====                   =======         ======
           ADCRH                   000000C3 
    -------------------------------------------------------------------------
SFR_AN
  Relative segment, address: DATA 000000E1 - 000000E1 (0x1 bytes), align: 0
  Segment part 6. ROOT        Intra module refs:   setup
           ENTRY                   ADDRESS         REF BY
           =====                   =======         ======
           ADCCON1                 000000E1 
    -------------------------------------------------------------------------
SFR_AN
  Relative segment, address: DATA 000000E8 - 000000E8 (0x1 bytes), align: 0
  Segment part 7. ROOT        Intra module refs:   ADC_ISR
                                                   main
                                                   setup
           ENTRY                   ADDRESS         REF BY
           =====                   =======         ======
           _A_ADCCON0              000000E8 
           LOCAL                   ADDRESS         
           =====                   =======         
           ADCCON0                 000000E8 
           ADCCON0_bit             000000E8 
    -------------------------------------------------------------------------
SFR_AN
  Relative segment, address: DATA 000000F6 - 000000F6 (0x1 bytes), align: 0
  Segment part 8. ROOT        Intra module refs:   setup
           ENTRY                   ADDRESS         REF BY
           =====                   =======         ======
           AINDIDS                 000000F6 
    -------------------------------------------------------------------------
IDATA_Z
  Relative segment, address: IDATA 0000004D - 0000004E (0x2 bytes), align: 0
  Segment part 19.            Intra module refs:   ADC_ISR
                                                   main
                                                   measure_light_intensity
           ENTRY                   ADDRESS         REF BY
           =====                   =======         ======
           adc_value               0000004D 
    -------------------------------------------------------------------------
<NEAR_CODE> 1 (was NEAR_CODE)
  Relative segment, address: CODE 00000940 - 00000957 (0x18 bytes), align: 0
  Segment part 30.            Intra module refs:   ADC_ISR::??INTVEC 91
           ENTRY                   ADDRESS         REF BY
           =====                   =======         ======
           ADC_ISR                 00000940 
               interrupt function
               calls direct
               ISTACK = 00000000 ( 0000000E )
    -------------------------------------------------------------------------
<NEAR_CODE> 1 (was NEAR_CODE)
  Relative segment, address: CODE 00000958 - 0000098D (0x36 bytes), align: 0
  Segment part 31.
           ENTRY                   ADDRESS         REF BY
           =====                   =======         ======
           main                    00000958        ?call_main (?cmain)
               calls direct
    -------------------------------------------------------------------------
<NEAR_CODE> 1 (was NEAR_CODE)
  Relative segment, address: CODE 0000098E - 000009C7 (0x3a bytes), align: 0
  Segment part 32.            Intra module refs:   main
           ENTRY                   ADDRESS         REF BY
           =====                   =======         ======
           setup                   0000098E 
               calls direct
    -------------------------------------------------------------------------
<NEAR_CODE> 1 (was NEAR_CODE)
  Relative segment, address: CODE 000009C8 - 000009FA (0x33 bytes), align: 0
  Segment part 33.            Intra module refs:   ADC_ISR
           ENTRY                   ADDRESS         REF BY
           =====                   =======         ======
           ADC_read                000009C8 
               ISTACK = 0000000E ( 00000002 )
    -------------------------------------------------------------------------
<NEAR_CODE> 1 (was NEAR_CODE)
  Relative segment, address: CODE 000009FB - 00000A8F (0x95 bytes), align: 0
  Segment part 34.            Intra module refs:   main
           ENTRY                   ADDRESS         REF BY
           =====                   =======         ======
           lcd_print_i             000009FB 
               calls direct
               ISTACK = 00000000 ( 00000005 )
    -------------------------------------------------------------------------
<NEAR_CODE> 1 (was NEAR_CODE)
  Relative segment, address: CODE 00000A90 - 00000B4A (0xbb bytes), align: 0
  Segment part 35.            Intra module refs:   main
           ENTRY                   ADDRESS         REF BY
           =====                   =======         ======
           measure_light_intensity
                                   00000A90 
               ISTACK = 00000000 ( 0000000F )
    -------------------------------------------------------------------------
INTVEC
  Common segment, address: CODE 00000000 - 0000005D (0x5e bytes), align: 0
  Segment part 9. ROOT 
           ENTRY                   ADDRESS         REF BY
           =====                   =======         ======
           ADC_ISR::??INTVEC 91    0000005B 
    -------------------------------------------------------------------------
IDATA_ID
  Relative segment, address: CODE 00000096 - 000000A0 (0xb bytes), align: 0
  Segment part 16.            Intra module refs:   Segment part 15
    -------------------------------------------------------------------------
IDATA_ID
  Relative segment, address: CODE 000000A1 - 000000AB (0xb bytes), align: 0
  Segment part 18.            Intra module refs:   Segment part 17
    -------------------------------------------------------------------------
IDATA_ID
  Relative segment, address: CODE 000000AC - 000000AF (0x4 bytes), align: 0
  Segment part 21.            Intra module refs:   __Constant_461c4000
    -------------------------------------------------------------------------
IDATA_ID
  Relative segment, address: CODE 000000B0 - 000000B3 (0x4 bytes), align: 0
  Segment part 23.            Intra module refs:   __Constant_47c35000
    -------------------------------------------------------------------------
IDATA_ID
  Relative segment, address: CODE 000000B4 - 000000B7 (0x4 bytes), align: 0
  Segment part 25.            Intra module refs:   __Constant_bdcccccd
    -------------------------------------------------------------------------
IDATA_ID
  Relative segment, address: CODE 000000B8 - 000000BB (0x4 bytes), align: 0
  Segment part 27.            Intra module refs:   __Constant_0
    -------------------------------------------------------------------------
IDATA_ID
  Relative segment, address: CODE 000000BC - 000000BF (0x4 bytes), align: 0
  Segment part 29.            Intra module refs:   __Constant_461c3c01
    -------------------------------------------------------------------------
IDATA_I
  Relative segment, address: IDATA 00000021 - 0000002B (0xb bytes), align: 0
  Segment part 15.            Intra module refs:   setup
    -------------------------------------------------------------------------
IDATA_I
  Relative segment, address: IDATA 0000002C - 00000036 (0xb bytes), align: 0
  Segment part 17.            Intra module refs:   setup
    -------------------------------------------------------------------------
IDATA_I
  Relative segment, address: IDATA 00000037 - 0000003A (0x4 bytes), align: 0
  Segment part 20.            Intra module refs:   measure_light_intensity
           ENTRY                   ADDRESS         REF BY
           =====                   =======         ======
           __Constant_461c4000     00000037 
    -------------------------------------------------------------------------
IDATA_I
  Relative segment, address: IDATA 0000003B - 0000003E (0x4 bytes), align: 0
  Segment part 22.            Intra module refs:   measure_light_intensity
           ENTRY                   ADDRESS         REF BY
           =====                   =======         ======
           __Constant_47c35000     0000003B 
    -------------------------------------------------------------------------
IDATA_I
  Relative segment, address: IDATA 0000003F - 00000042 (0x4 bytes), align: 0
  Segment part 24.            Intra module refs:   measure_light_intensity
           ENTRY                   ADDRESS         REF BY
           =====                   =======         ======
           __Constant_bdcccccd     0000003F 
    -------------------------------------------------------------------------
IDATA_I
  Relative segment, address: IDATA 00000043 - 00000046 (0x4 bytes), align: 0
  Segment part 26.            Intra module refs:   measure_light_intensity
           ENTRY                   ADDRESS         REF BY
           =====                   =======         ======
           __Constant_0            00000043 
    -------------------------------------------------------------------------
IDATA_I
  Relative segment, address: IDATA 00000047 - 0000004A (0x4 bytes), align: 0
  Segment part 28.            Intra module refs:   measure_light_intensity
           ENTRY                   ADDRESS         REF BY
           =====                   =======         ======
           __Constant_461c3c01     00000047 

    *************************************************************************

  FILE NAME : C:\Users\sshah\Desktop\N76E003 Tutorial\N76E003 IAR Code Examples\Codes\ADC_Interrupt\Debug\Obj\PCF8574.r51
  PROGRAM MODULE, NAME : PCF8574

  SEGMENTS IN THE MODULE
  ======================
<NEAR_CODE> 1 (was NEAR_CODE)
  Relative segment, address: CODE 00000DFF - 00000E0C (0xe bytes), align: 0
  Segment part 6.
           ENTRY                   ADDRESS         REF BY
           =====                   =======         ======
           PCF8574_init            00000DFF        LCD_init (LCD_2_Wire)
               calls direct
    -------------------------------------------------------------------------
<NEAR_CODE> 1 (was NEAR_CODE)
  Relative segment, address: CODE 00000E0D - 00000E32 (0x26 bytes), align: 0
  Segment part 8.
           ENTRY                   ADDRESS         REF BY
           =====                   =======         ======
           PCF8574_write           00000E0D        LCD_4bit_send (LCD_2_Wire)
                                                   LCD_init (LCD_2_Wire)
                                                   LCD_send (LCD_2_Wire)
                                                   LCD_toggle_EN (LCD_2_Wire)
               calls direct
               ISTACK = 00000000 ( 00000001 )

    *************************************************************************

  FILE NAME : C:\Users\sshah\Desktop\N76E003 Tutorial\N76E003 IAR Code Examples\Codes\ADC_Interrupt\Debug\Obj\soft_delay.r51
  PROGRAM MODULE, NAME : soft_delay

  SEGMENTS IN THE MODULE
  ======================
<NEAR_CODE> 1 (was NEAR_CODE)
  Relative segment, address: CODE 00000DA8 - 00000DD5 (0x2e bytes), align: 0
  Segment part 6.             Intra module refs:   delay_ms
           ENTRY                   ADDRESS         REF BY
           =====                   =======         ======
           delay_us                00000DA8        SW_I2C_ACK_NACK (SW_I2C)
                                                   SW_I2C_start (SW_I2C)
                                                   SW_I2C_stop (SW_I2C)
                                                   SW_I2C_write (SW_I2C)
               ISTACK = 00000002 ( 00000002 )
    -------------------------------------------------------------------------
<NEAR_CODE> 1 (was NEAR_CODE)
  Relative segment, address: CODE 00000DD6 - 00000DFE (0x29 bytes), align: 0
  Segment part 7.
           ENTRY                   ADDRESS         REF BY
           =====                   =======         ======
           delay_ms                00000DD6        LCD_init (LCD_2_Wire)
                                                   LCD_send (LCD_2_Wire)
                                                   LCD_toggle_EN (LCD_2_Wire)
                                                   PCF8574_init (PCF8574)
                                                   SW_I2C_init (SW_I2C)
                                                   main (main)
               calls direct
               ISTACK = 00000000 ( 00000002 )

    *************************************************************************

  FILE NAME : C:\Users\sshah\Desktop\N76E003 Tutorial\N76E003 IAR Code Examples\Codes\ADC_Interrupt\Debug\Obj\SW_I2C.r51
  PROGRAM MODULE, NAME : SW_I2C

  SEGMENTS IN THE MODULE
  ======================
SFR_AN
  Relative segment, address: DATA 00000080 - 00000080 (0x1 bytes), align: 0
  Segment part 1. ROOT        Intra module refs:   SW_I2C_ACK_NACK
                                                   SW_I2C_init
                                                   SW_I2C_start
                                                   SW_I2C_stop
                                                   SW_I2C_write
           ENTRY                   ADDRESS         REF BY
           =====                   =======         ======
           _A_P0                   00000080 
           LOCAL                   ADDRESS         
           =====                   =======         
           P0                      00000080 
           P0_bit                  00000080 
    -------------------------------------------------------------------------
<NEAR_CODE> 1 (was NEAR_CODE)
  Relative segment, address: CODE 00000CD2 - 00000CEC (0x1b bytes), align: 0
  Segment part 9.
           ENTRY                   ADDRESS         REF BY
           =====                   =======         ======
           SW_I2C_init             00000CD2        PCF8574_init (PCF8574)
               calls direct
    -------------------------------------------------------------------------
<NEAR_CODE> 1 (was NEAR_CODE)
  Relative segment, address: CODE 00000CED - 00000D0C (0x20 bytes), align: 0
  Segment part 10.
           ENTRY                   ADDRESS         REF BY
           =====                   =======         ======
           SW_I2C_start            00000CED        PCF8574_write (PCF8574)
               calls direct
    -------------------------------------------------------------------------
<NEAR_CODE> 1 (was NEAR_CODE)
  Relative segment, address: CODE 00000D0D - 00000D2C (0x20 bytes), align: 0
  Segment part 11.
           ENTRY                   ADDRESS         REF BY
           =====                   =======         ======
           SW_I2C_stop             00000D0D        PCF8574_write (PCF8574)
               calls direct
               ISTACK = 00000002 ( 00000000 )
    -------------------------------------------------------------------------
<NEAR_CODE> 1 (was NEAR_CODE)
  Relative segment, address: CODE 00000D2D - 00000D76 (0x4a bytes), align: 0
  Segment part 13.
           ENTRY                   ADDRESS         REF BY
           =====                   =======         ======
           SW_I2C_write            00000D2D        PCF8574_write (PCF8574)
               calls direct
               ISTACK = 00000000 ( 00000002 )
    -------------------------------------------------------------------------
<NEAR_CODE> 1 (was NEAR_CODE)
  Relative segment, address: CODE 00000D77 - 00000DA7 (0x31 bytes), align: 0
  Segment part 14.
           ENTRY                   ADDRESS         REF BY
           =====                   =======         ======
           SW_I2C_ACK_NACK         00000D77        PCF8574_write (PCF8574)
               calls direct
               ISTACK = 00000003 ( 00000001 )

    *************************************************************************

  FILE NAME : C:\Program Files (x86)\IAR Systems\Embedded Workbench 8.0\8051\LIB\CLIB\cl-pli-nsid-2h16inc.r51
  LIBRARY MODULE, NAME : ?cexit

  SEGMENTS IN THE MODULE
  ======================
CSTART
  Relative segment, address: CODE 0000005E - 00000062 (0x5 bytes), align: 0
  Segment part 0.
           ENTRY                   ADDRESS         REF BY
           =====                   =======         ======
           exit                    0000005E        ?call_main (?cmain)
           ?C_EXIT                 0000005E 
           ?ROM_MONITOR_NOPS       0000005E 

    -------------------------------------------------------------------------
  LIBRARY MODULE, NAME : ?cmain

  SEGMENTS IN THE MODULE
  ======================
CSTART
  Relative segment, address: CODE 00000063, align: 0
  Segment part 5.
           ENTRY                   ADDRESS         REF BY
           =====                   =======         ======
           ?cmain                  00000063        Segment part 14 (CSTARTUP)
               calls direct
    -------------------------------------------------------------------------
CSTART
  Relative segment, address: CODE 00000063 - 00000070 (0xe bytes), align: 0
  Segment part 12.
           ENTRY                   ADDRESS         REF BY
           =====                   =======         ======
           __INIT_IDATA_Z          00000063        adc_value (main)
                                                   bl_state (LCD_2_Wire)
                                                   data_value (LCD_2_Wire)
    -------------------------------------------------------------------------
CSTART
  Relative segment, address: CODE 00000071 - 00000083 (0x13 bytes), align: 0
  Segment part 27.
           ENTRY                   ADDRESS         REF BY
           =====                   =======         ======
           __INIT_IDATA_I          00000071        Segment part 15 (main)
                                                   Segment part 17 (main)
                                                   __Constant_0 (main)
                                                   __Constant_461c3c01 (main)
                                                   __Constant_461c4000 (main)
                                                   __Constant_47c35000 (main)
                                                   __Constant_bdcccccd (main)
    -------------------------------------------------------------------------
CSTART
  Relative segment, address: CODE 00000084 - 00000089 (0x6 bytes), align: 0
  Segment part 38.            Intra module refs:   ?cmain
           ENTRY                   ADDRESS         REF BY
           =====                   =======         ======
           ?call_main              00000084 

    -------------------------------------------------------------------------
  LIBRARY MODULE, NAME : CSTARTUP

  SEGMENTS IN THE MODULE
  ======================
REGISTERS
  Relative segment, address: DATA 00000000, align: 0
  Segment part 0.             Intra module refs:   Segment part 6
           ENTRY                   ADDRESS         REF BY
           =====                   =======         ======
           ?REGISTERS              00000000 
    -------------------------------------------------------------------------
ISTACK
  Relative segment, address: IDATA 000000C0, align: 0
  Segment part 1.             Intra module refs:   Segment part 6
           ENTRY                   ADDRESS         REF BY
           =====                   =======         ======
           ?ISTACK_START           000000C0 
    -------------------------------------------------------------------------
INTVEC
  Common segment, address: CODE 00000000 - 00000002 (0x3 bytes), align: 0
  Segment part 5. ROOT        Intra module refs:   Segment part 6
    -------------------------------------------------------------------------
CSTART
  Relative segment, address: CODE 0000008A - 0000008F (0x6 bytes), align: 0
  Segment part 6. ROOT        Intra module refs:   Segment part 5
           ENTRY                   ADDRESS         REF BY
           =====                   =======         ======
           __program_start         0000008A        Absolute parts (?ABS_ENTRY_MOD)
           ?RESET_SP               0000008D 
    -------------------------------------------------------------------------
CSTART
  Relative segment, address: CODE 00000090 - 00000092 (0x3 bytes), align: 0
  Segment part 12.            Intra module refs:   Absolute parts
           ENTRY                   ADDRESS         REF BY
           =====                   =======         ======
           ?RESET_DPS              00000090 
    -------------------------------------------------------------------------
CSTART
  Relative segment, address: CODE 00000093 - 00000095 (0x3 bytes), align: 0
  Segment part 14.            Intra module refs:   Absolute parts

    -------------------------------------------------------------------------
  LIBRARY MODULE, NAME : VIRTUAL_REGISTERS

  SEGMENTS IN THE MODULE
  ======================
BREG
  Relative segment, address: BIT 00000020.0 - 00000020.7 (0x8 bits), align: 0
  Segment part 0.
           ENTRY                   ADDRESS         REF BY
           =====                   =======         ======
           ?B0                     00000020.0      Absolute parts (CSTARTUP)
    -------------------------------------------------------------------------
VREG
  Relative segment, address: DATA 00000008 - 00000008 (0x1 bytes), align: 0
  Segment part 1.             Intra module refs:   ?V1
           ENTRY                   ADDRESS         REF BY
           =====                   =======         ======
           ?V0                     00000008        ?FUNC_ENTER_SP (?FUNC_ENTER_SP)
                                                   ?FUNC_LEAVE_SP (?FUNC_LEAVE_SP)
                                                   ?INTERRUPT_ENTER_SP (?INTERRUPT_ENTER_SP)
                                                   ?INTERRUPT_LEAVE_SP (?INTERRUPT_LEAVE_SP)
                                                   ADC_ISR (main)
                                                   ADC_read (main)
                                                   delay_us (soft_delay)
                                                   lcd_print_i (main)
                                                   main (main)
                                                   measure_light_intensity (main)
    -------------------------------------------------------------------------
VREG
  Relative segment, address: DATA 00000009 - 00000009 (0x1 bytes), align: 0
  Segment part 2.             Intra module refs:   ?V2
           ENTRY                   ADDRESS         REF BY
           =====                   =======         ======
           ?V1                     00000009        ADC_read (main)
                                                   delay_us (soft_delay)
                                                   lcd_print_i (main)
                                                   main (main)
                                                   measure_light_intensity (main)
    -------------------------------------------------------------------------
VREG
  Relative segment, address: DATA 0000000A - 0000000A (0x1 bytes), align: 0
  Segment part 3.             Intra module refs:   ?V3
           ENTRY                   ADDRESS         REF BY
           =====                   =======         ======
           ?V2                     0000000A        measure_light_intensity (main)
    -------------------------------------------------------------------------
VREG
  Relative segment, address: DATA 0000000B - 0000000B (0x1 bytes), align: 0
  Segment part 4.             Intra module refs:   ?V4
           ENTRY                   ADDRESS         REF BY
           =====                   =======         ======
           ?V3                     0000000B        measure_light_intensity (main)
    -------------------------------------------------------------------------
VREG
  Relative segment, address: DATA 0000000C - 0000000C (0x1 bytes), align: 0
  Segment part 5.             Intra module refs:   ?V5
           ENTRY                   ADDRESS         REF BY
           =====                   =======         ======
           ?V4                     0000000C        measure_light_intensity (main)
    -------------------------------------------------------------------------
VREG
  Relative segment, address: DATA 0000000D - 0000000D (0x1 bytes), align: 0
  Segment part 6.             Intra module refs:   ?V6
           ENTRY                   ADDRESS         REF BY
           =====                   =======         ======
           ?V5                     0000000D        measure_light_intensity (main)
    -------------------------------------------------------------------------
VREG
  Relative segment, address: DATA 0000000E - 0000000E (0x1 bytes), align: 0
  Segment part 7.             Intra module refs:   ?V7
           ENTRY                   ADDRESS         REF BY
           =====                   =======         ======
           ?V6                     0000000E        measure_light_intensity (main)
    -------------------------------------------------------------------------
VREG
  Relative segment, address: DATA 0000000F - 0000000F (0x1 bytes), align: 0
  Segment part 8.
           ENTRY                   ADDRESS         REF BY
           =====                   =======         ======
           ?V7                     0000000F        measure_light_intensity (main)

    -------------------------------------------------------------------------
  LIBRARY MODULE, NAME : ?L_TO_FLT

  SEGMENTS IN THE MODULE
  ======================
RCODE
  Relative segment, address: CODE 000000C0 - 0000011C (0x5d bytes), align: 0
  Segment part 3.
           ENTRY                   ADDRESS         REF BY
           =====                   =======         ======
           ?UL_TO_FLT              000000C0        measure_light_intensity (main)

    -------------------------------------------------------------------------
  LIBRARY MODULE, NAME : ?FLT_TO_L

  SEGMENTS IN THE MODULE
  ======================
RCODE
  Relative segment, address: CODE 0000011D - 00000150 (0x34 bytes), align: 0
  Segment part 5.
           ENTRY                   ADDRESS         REF BY
           =====                   =======         ======
           ?FLT_TO_L               0000011D        measure_light_intensity (main)
    -------------------------------------------------------------------------
RCODE
  Relative segment, address: CODE 00000151 - 0000015C (0xc bytes), align: 0
  Segment part 6.             Intra module refs:   ?FLT_TO_L
    -------------------------------------------------------------------------
RCODE
  Relative segment, address: CODE 0000015D - 000001AB (0x4f bytes), align: 0
  Segment part 7.             Intra module refs:   ?FLT_TO_L

    -------------------------------------------------------------------------
  LIBRARY MODULE, NAME : ?FLT_TEST_ZERO

  SEGMENTS IN THE MODULE
  ======================
RCODE
  Relative segment, address: CODE 000001AC - 000001B4 (0x9 bytes), align: 0
  Segment part 1.
           ENTRY                   ADDRESS         REF BY
           =====                   =======         ======
           ?FLT_TEST_ZERO_REW      000001AC        ?FLT_ADD (?FLT_ADD)
                                                   ?FLT_DIV (?FLT_DIV)
                                                   ?FLT_GE (?FLT_GE)
                                                   ?FLT_LT (?FLT_LT)
                                                   ?FLT_MUL (?FLT_MUL)

    -------------------------------------------------------------------------
  LIBRARY MODULE, NAME : ?FLT_TEST_ZERO_R1

  SEGMENTS IN THE MODULE
  ======================
RCODE
  Relative segment, address: CODE 000001B5 - 000001BD (0x9 bytes), align: 0
  Segment part 1.
           ENTRY                   ADDRESS         REF BY
           =====                   =======         ======
           ?FLT_TEST_ZERO_R1_REW   000001B5        ?FLT_ADD (?FLT_ADD)
                                                   ?FLT_DIV (?FLT_DIV)
                                                   ?FLT_GE (?FLT_GE)
                                                   ?FLT_LT (?FLT_LT)
                                                   ?FLT_MUL (?FLT_MUL)

    -------------------------------------------------------------------------
  LIBRARY MODULE, NAME : ?FLT_TEST_INF

  SEGMENTS IN THE MODULE
  ======================
RCODE
  Relative segment, address: CODE 000001BE - 000001C0 (0x3 bytes), align: 0
  Segment part 0.
           ENTRY                   ADDRESS         REF BY
           =====                   =======         ======
           ?FLT_TEST_INF_REW       000001BE        ?FLT_ADD (?FLT_ADD)
                                                   ?FLT_MUL (?FLT_MUL)
    -------------------------------------------------------------------------
RCODE
  Relative segment, address: CODE 000001C1 - 000001D1 (0x11 bytes), align: 0
  Segment part 1.             Intra module refs:   ?FLT_TEST_INF_REW
           ENTRY                   ADDRESS         REF BY
           =====                   =======         ======
           ?FLT_TEST_INF           000001C1        ?FLT_DIV (?FLT_DIV)

    -------------------------------------------------------------------------
  LIBRARY MODULE, NAME : ?FLT_TEST_INF_R1

  SEGMENTS IN THE MODULE
  ======================
RCODE
  Relative segment, address: CODE 000001D2 - 000001D4 (0x3 bytes), align: 0
  Segment part 0.
           ENTRY                   ADDRESS         REF BY
           =====                   =======         ======
           ?FLT_TEST_INF_R1_REW    000001D2        ?FLT_ADD (?FLT_ADD)
                                                   ?FLT_MUL (?FLT_MUL)
    -------------------------------------------------------------------------
RCODE
  Relative segment, address: CODE 000001D5 - 000001E5 (0x11 bytes), align: 0
  Segment part 1.             Intra module refs:   ?FLT_TEST_INF_R1_REW
           ENTRY                   ADDRESS         REF BY
           =====                   =======         ======
           ?FLT_TEST_INF_R1        000001D5        ?FLT_DIV (?FLT_DIV)

    -------------------------------------------------------------------------
  LIBRARY MODULE, NAME : ?FLT_TEST_NAN

  SEGMENTS IN THE MODULE
  ======================
RCODE
  Relative segment, address: CODE 000001E6 - 000001F4 (0xf bytes), align: 0
  Segment part 1.
           ENTRY                   ADDRESS         REF BY
           =====                   =======         ======
           ?FLT_TEST_NAN           000001E6        ?FLT_ADD (?FLT_ADD)
                                                   ?FLT_DIV (?FLT_DIV)
                                                   ?FLT_GE (?FLT_GE)
                                                   ?FLT_LT (?FLT_LT)
                                                   ?FLT_MUL (?FLT_MUL)

    -------------------------------------------------------------------------
  LIBRARY MODULE, NAME : ?FLT_TEST_NAN_R1

  SEGMENTS IN THE MODULE
  ======================
RCODE
  Relative segment, address: CODE 000001F5 - 00000203 (0xf bytes), align: 0
  Segment part 1.
           ENTRY                   ADDRESS         REF BY
           =====                   =======         ======
           ?FLT_TEST_NAN_R1        000001F5        ?FLT_ADD (?FLT_ADD)
                                                   ?FLT_DIV (?FLT_DIV)
                                                   ?FLT_GE (?FLT_GE)
                                                   ?FLT_LT (?FLT_LT)
                                                   ?FLT_MUL (?FLT_MUL)

    -------------------------------------------------------------------------
  LIBRARY MODULE, NAME : ?FLT_GE

  SEGMENTS IN THE MODULE
  ======================
RCODE
  Relative segment, address: CODE 00000204 - 00000252 (0x4f bytes), align: 0
  Segment part 1.
           ENTRY                   ADDRESS         REF BY
           =====                   =======         ======
           ?FLT_GE                 00000204        measure_light_intensity (main)

    -------------------------------------------------------------------------
  LIBRARY MODULE, NAME : ?FLT_LT

  SEGMENTS IN THE MODULE
  ======================
RCODE
  Relative segment, address: CODE 00000253 - 0000029E (0x4c bytes), align: 0
  Segment part 1.
           ENTRY                   ADDRESS         REF BY
           =====                   =======         ======
           ?FLT_LT                 00000253        measure_light_intensity (main)

    -------------------------------------------------------------------------
  LIBRARY MODULE, NAME : ?FLT_MUL

  SEGMENTS IN THE MODULE
  ======================
RCODE
  Relative segment, address: CODE 0000029F - 0000041E (0x180 bytes), align: 0
  Segment part 1.
           ENTRY                   ADDRESS         REF BY
           =====                   =======         ======
           ?FLT_MUL                0000029F        measure_light_intensity (main)

    -------------------------------------------------------------------------
  LIBRARY MODULE, NAME : ?FLT_ADD

  SEGMENTS IN THE MODULE
  ======================
RCODE
  Relative segment, address: CODE 0000041F - 00000638 (0x21a bytes), align: 0
  Segment part 3.
           ENTRY                   ADDRESS         REF BY
           =====                   =======         ======
           ?FLT_ADD                0000041F        measure_light_intensity (main)

    -------------------------------------------------------------------------
  LIBRARY MODULE, NAME : ?FLT_DIV

  SEGMENTS IN THE MODULE
  ======================
RCODE
  Relative segment, address: CODE 00000639 - 0000081E (0x1e6 bytes), align: 0
  Segment part 1.
           ENTRY                   ADDRESS         REF BY
           =====                   =======         ======
           ?FLT_DIV                00000639        measure_light_intensity (main)

    -------------------------------------------------------------------------
  LIBRARY MODULE, NAME : ?L_MOV

  SEGMENTS IN THE MODULE
  ======================
RCODE
  Relative segment, address: CODE 0000081F - 0000082D (0xf bytes), align: 0
  Segment part 0.
           ENTRY                   ADDRESS         REF BY
           =====                   =======         ======
           ?L_MOV                  0000081F        measure_light_intensity (main)

    -------------------------------------------------------------------------
  LIBRARY MODULE, NAME : ?S_DIV_MOD

  SEGMENTS IN THE MODULE
  ======================
RCODE
  Relative segment, address: CODE 0000082E - 00000886 (0x59 bytes), align: 0
  Segment part 1.
           ENTRY                   ADDRESS         REF BY
           =====                   =======         ======
           ?US_DIV_MOD             0000082E        delay_us (soft_delay)
                                                   lcd_print_i (main)

    -------------------------------------------------------------------------
  LIBRARY MODULE, NAME : ?S_SHL

  SEGMENTS IN THE MODULE
  ======================
RCODE
  Relative segment, address: CODE 00000887 - 00000889 (0x3 bytes), align: 0
  Segment part 0.
           ENTRY                   ADDRESS         REF BY
           =====                   =======         ======
           ?S_SHL                  00000887        ADC_read (main)
    -------------------------------------------------------------------------
RCODE
  Relative segment, address: CODE 0000088A - 0000088C (0x3 bytes), align: 0
  Segment part 1.             Intra module refs:   Segment part 2
           ENTRY                   ADDRESS         REF BY
           =====                   =======         ======
           ?S_SHL_REW              0000088A 
    -------------------------------------------------------------------------
RCODE
  Relative segment, address: CODE 0000088D - 00000899 (0xd bytes), align: 0
  Segment part 2.             Intra module refs:   ?S_SHL
                                                   ?S_SHL_REW

    -------------------------------------------------------------------------
  LIBRARY MODULE, NAME : ?FUNC_ENTER_SP

  SEGMENTS IN THE MODULE
  ======================
RCODE
  Relative segment, address: CODE 0000089A - 000008B2 (0x19 bytes), align: 0
  Segment part 0.
           ENTRY                   ADDRESS         REF BY
           =====                   =======         ======
           ?FUNC_ENTER_SP          0000089A        lcd_print_i (main)
                                                   measure_light_intensity (main)

    -------------------------------------------------------------------------
  LIBRARY MODULE, NAME : ?FUNC_LEAVE_SP

  SEGMENTS IN THE MODULE
  ======================
RCODE
  Relative segment, address: CODE 000008B3 - 000008CC (0x1a bytes), align: 0
  Segment part 0.
           ENTRY                   ADDRESS         REF BY
           =====                   =======         ======
           ?FUNC_LEAVE_SP          000008B3        lcd_print_i (main)
                                                   measure_light_intensity (main)

    -------------------------------------------------------------------------
  LIBRARY MODULE, NAME : ?INTERRUPT_ENTER_SP

  SEGMENTS IN THE MODULE
  ======================
RCODE
  Relative segment, address: CODE 000008CD - 00000909 (0x3d bytes), align: 0
  Segment part 0.
           ENTRY                   ADDRESS         REF BY
           =====                   =======         ======
           ?INTERRUPT_ENTER_SP     000008CD        ADC_ISR (main)

    -------------------------------------------------------------------------
  LIBRARY MODULE, NAME : ?INTERRUPT_LEAVE_SP

  SEGMENTS IN THE MODULE
  ======================
RCODE
  Relative segment, address: CODE 0000090A - 0000093F (0x36 bytes), align: 0
  Segment part 0.
           ENTRY                   ADDRESS         REF BY
           =====                   =======         ======
           ?INTERRUPT_LEAVE_SP     0000090A        ADC_ISR (main)




                ****************************************
                *                                      *
                *      SEGMENTS IN ADDRESS ORDER       *
                *                                      *
                ****************************************


SEGMENT              SPACE    START ADDRESS   END ADDRESS     SIZE  TYPE  ALIGN
=======              =====    =============   ===========     ====  ====  =====
INTVEC               CODE          00000000 - 0000005D          5E   com    0
CSTART               CODE          0000005E - 00000095          38   rel    0
BIT_ID               CODE               00000096                     dse    0
BDATA_ID             CODE               00000096                     dse    0
DATA_ID              CODE               00000096                     dse    0
IDATA_ID             CODE          00000096 - 000000BF          2A   rel    0
RCODE                CODE          000000C0 - 0000093F         880   rel    0
<NEAR_CODE> 1        CODE          00000940 - 00000E32         4F3   rel    0
REGISTERS            DATA          00000000 - 00000007           8   rel    0
VREG                 DATA          00000008 - 0000000F           8   rel    0
BREG                 BIT        00000020.0  -  00000020.7        8   rel    0
SFR_AN               DATA          00000080 - 00000080           1   rel    0
                     DATA          00000087 - 00000089           3 
                     DATA          0000008D - 0000008E           2 
                     DATA          00000098 - 0000009A           3 
                     DATA          000000A8 - 000000A8           1 
                     DATA          000000B1 - 000000B4           4 
                     DATA          000000C2 - 000000C6           5 
                     DATA          000000E1 - 000000E1           1 
                     DATA          000000E8 - 000000E8           1 
                     DATA          000000F6 - 000000F6           1 
                     DATA          000000F8 - 000000F8           1 
IDATA_I              IDATA         00000021 - 0000004A          2A   rel    0
IDATA_Z              IDATA         0000004B - 0000004E           4   rel    0
ISTACK               IDATA         000000C0 - 000000FF          40   rel    0

                ****************************************
                *                                      *
                *        END OF CROSS REFERENCE        *
                *                                      *
                ****************************************

 3 635 bytes of CODE  memory
    16 bytes of DATA  memory (+ 23 absolute )
   110 bytes of IDATA memory
     8 bits  of BIT   memory

Errors: none
Warnings: none

