################################################################################
#                                                                              #
#      IAR Universal Linker V6.5.2.97                                          #
#                                                                              #
#           Link time     =  25/Jul/2018  15:34:33                             #
#           Target CPU    =  x51                                               #
#           List file     =  "C:\Users\SShahryiar\Desktop\N76E003 Tutorial\N76 #
#                            E003 IAR Code Examples\Codes\UART Interrupt\Debug #
#                            \List\uart_int.map"                               #
#           Output file 1 =  "C:\Users\SShahryiar\Desktop\N76E003 Tutorial\N76 #
#                            E003 IAR Code Examples\Codes\UART Interrupt\Debug #
#                            \Exe\uart_int.bin"                                #
#                            Format: raw-binary                                #
#           Command line  =  -f                                                #
#                            C:\Users\SSHAHR~1\AppData\Local\Temp\EW8648.tmp   #
#                            ("C:\Users\SShahryiar\Desktop\N76E003 Tutorial\N7 #
#                            6E003 IAR Code Examples\Codes\UART Interrupt\Debu #
#                            g\Obj\Common.r51"                                 #
#                            "C:\Users\SShahryiar\Desktop\N76E003 Tutorial\N76 #
#                            E003 IAR Code Examples\Codes\UART Interrupt\Debug #
#                            \Obj\Delay.r51"                                   #
#                            "C:\Users\SShahryiar\Desktop\N76E003 Tutorial\N76 #
#                            E003 IAR Code Examples\Codes\UART Interrupt\Debug #
#                            \Obj\LCD_2_Wire.r51"                              #
#                            "C:\Users\SShahryiar\Desktop\N76E003 Tutorial\N76 #
#                            E003 IAR Code Examples\Codes\UART Interrupt\Debug #
#                            \Obj\main.r51"                                    #
#                            "C:\Users\SShahryiar\Desktop\N76E003 Tutorial\N76 #
#                            E003 IAR Code Examples\Codes\UART Interrupt\Debug #
#                            \Obj\PCF8574.r51"                                 #
#                            "C:\Users\SShahryiar\Desktop\N76E003 Tutorial\N76 #
#                            E003 IAR Code Examples\Codes\UART Interrupt\Debug #
#                            \Obj\soft_delay.r51"                              #
#                            "C:\Users\SShahryiar\Desktop\N76E003 Tutorial\N76 #
#                            E003 IAR Code Examples\Codes\UART Interrupt\Debug #
#                            \Obj\SW_I2C.r51"                                  #
#                            -o                                                #
#                            "C:\Users\SShahryiar\Desktop\N76E003 Tutorial\N76 #
#                            E003 IAR Code Examples\Codes\UART Interrupt\Debug #
#                            \Exe\uart_int.bin"                                #
#                            -Fraw-binary -l                                   #
#                            "C:\Users\SShahryiar\Desktop\N76E003 Tutorial\N76 #
#                            E003 IAR Code Examples\Codes\UART Interrupt\Debug #
#                            \List\uart_int.map"                               #
#                            -xms                                              #
#                            "-IC:\Program Files (x86)\IAR Systems\Embedded Wo #
#                            rkbench 8.0\8051\LIB\"                            #
#                            -f                                                #
#                            "C:\Program Files (x86)\IAR Systems\Embedded Work #
#                            bench 8.0\8051\config\devices\NuvoTon\lnk51ew_N76 #
#                            E003.xcl"                                         #
#                            (-D_IDATA0_START=0x00 -D_IDATA0_END=0xFF          #
#                            -D_PDATA0_START=0x0000 -D_PDATA0_END=0x00FF       #
#                            -D_IXDATA0_START=0x0001 -D_IXDATA0_END=0x02FF     #
#                            -D_XDATA0_START=0x0001 -D_XDATA0_END=0x02FF       #
#                            -D_CODE0_START=0x0000 -D_CODE0_END=0x47FF         #
#                            -D?REGISTER_BANK=0x0 -D_REGISTER_BANK_START=0x0   #
#                            -D_BREG_START=0x00 -D?VB=0x20                     #
#                            -Z(BIT)BREG=_BREG_START -Z(BIT)BIT_N=0-7F         #
#                            -Z(DATA)REGISTERS+8=_REGISTER_BANK_START          #
#                            -Z(DATA)BDATA_Z,BDATA_N,BDATA_I=20-2F             #
#                            -Z(DATA)VREG=08-7F -Z(DATA)PSP,XSP=08-7F          #
#                            -Z(DATA)DOVERLAY=08-7F                            #
#                            -Z(DATA)DATA_I,DATA_Z,DATA_N=08-7F                #
#                            -U(IDATA)0-7F=(DATA)0-7F                          #
#                            -Z(IDATA)IDATA_I,IDATA_Z,IDATA_N=08-_IDATA0_END   #
#                            -Z(IDATA)ISTACK+_IDATA_STACK_SIZE#08-_IDATA0_END  #
#                            -Z(IDATA)IOVERLAY=08-FF -Z(CODE)INTVEC=0          #
#                            -Z(CODE)CSTART=_CODE0_START-_CODE0_END            #
#                            -Z(CODE)BIT_ID,BDATA_ID,DATA_ID,IDATA_ID,IXDATA_I #
#                            D,PDATA_ID,XDATA_ID=_CODE0_START-_CODE0_END       #
#                            -Z(CODE)HUGE_ID=_CODE0_START-_CODE0_END           #
#                            -Z(CODE)RCODE,DIFUNCT=_CODE0_START-_CODE0_END     #
#                            -P(CODE)CODE_C,CODE_N,NEAR_CODE=_CODE0_START-_COD #
#                            E0_END                                            #
#                            -Z(CODE)CHECKSUM#_CODE0_END                       #
#                            -Z(XDATA)PDATA_Z,PDATA_I=_PDATA0_START-_PDATA0_EN #
#                            D                                                 #
#                            -P(XDATA)PDATA_N=_PDATA0_START-_PDATA0_END        #
#                            -Z(XDATA)PSTACK+_PDATA_STACK_SIZE=_PDATA0_START-_ #
#                            PDATA0_END                                        #
#                            -Z(XDATA)EXT_STACK+_EXTENDED_STACK_SIZE=_EXTENDED #
#                            _STACK_START                                      #
#                            -Z(XDATA)XSTACK+_XDATA_STACK_SIZE=_XDATA0_START-_ #
#                            XDATA0_END                                        #
#                            -Z(XDATA)IXDATA_I,IXDATA_Z=_IXDATA0_START-_IXDATA #
#                            0_END                                             #
#                            -P(XDATA)IXDATA_N=_IXDATA0_START-_IXDATA0_END     #
#                            -Z(XDATA)XDATA_I,XDATA_Z=_XDATA0_START-_XDATA0_EN #
#                            D                                                 #
#                            -P(XDATA)XDATA_N=_XDATA0_START-_XDATA0_END        #
#                            -Z(XDATA)XDATA_HEAP+_XDATA_HEAP_SIZE=_XDATA0_STAR #
#                            T-_XDATA0_END                                     #
#                            -Z(CONST)XDATA_ROM_C=_XDATA0_START-_XDATA0_END    #
#                            -Z(CODE)FAR22_ID=[_CODE0_START-_CODE0_END]/10000  #
#                            -Z(CODE)FAR_ID=[_CODE0_START-_CODE0_END]/10000    #
#                            -cx51)                                            #
#                            "-IC:\Program Files (x86)\IAR Systems\Embedded Wo #
#                            rkbench 8.0\8051\CONFIG\"                         #
#                            -D?DPMASK=0x01 -D_NR_OF_VIRTUAL_REGISTERS=8       #
#                            -D?DPS=0xA2 -D?PBANK=0x91 -D?CBANK=0xF0           #
#                            -D?CBANK_MASK=0x30 -e?BCALL_30=?BCALL             #
#                            -e?BRET_30=?BRET -e?BDISPATCH_30=?BDISPATCH       #
#                            -D_CODEBANK_START=0x8000 -D_CODEBANK_END=0xFFFF   #
#                            -D_NR_OF_BANKS=0x03 -s __program_start            #
#                            "C:\Program Files (x86)\IAR Systems\Embedded Work #
#                            bench 8.0\8051\LIB\CLIB\cl-pli-nsid-2h16inc.r51"  #
#                            -D_IDATA_STACK_SIZE=0x40 -D?ESP=0 -D?ESP_MASK=0   #
#                            -D_EXTENDED_STACK_START=0                         #
#                            -D_EXTENDED_STACK_SIZE=0                          #
#                            -D_PDATA_STACK_SIZE=0x80                          #
#                            -D_XDATA_STACK_SIZE=0xEFF                         #
#                            -D_XDATA_HEAP_SIZE=0xFF -D_FAR_HEAP_SIZE=0xFFF    #
#                            -D_HUGE_HEAP_SIZE=0xFFF                           #
#                            -D_FAR22_HEAP_SIZE=0xFFF)                         #
#                                                                              #
#                           Copyright (C) 1987-2017 IAR Systems AB.            #
################################################################################





                ****************************************
                *                                      *
                *           CROSS REFERENCE            *
                *                                      *
                ****************************************

       Program entry at : CODE      00000052  Relocatable, from module : CSTARTUP




                ****************************************
                *                                      *
                *            RUNTIME MODEL             *
                *                                      *
                ****************************************

  __SystemLibrary          = CLib
  __calling_convention     = idata_reentrant
  __code_model             = near
  __core                   = plain
  __data_model             = small
  __dptr_size              = 16
  __dptr_visibility        = shadowed
  __extended_stack         = disabled
  __location_for_constants = data
  __number_of_dptrs        = 2
  __register_banks         = *
  __rt_version             = 1

                ****************************************
                *                                      *
                *    AUTOMATIC SYMBOL REDIRECTIONS     *
                *                                      *
                ****************************************

                  There are no automatic symbol redirections.



                ****************************************
                *                                      *
                *              MODULE MAP              *
                *                                      *
                ****************************************


  DEFINED ABSOLUTE ENTRIES
    *************************************************************************

  DEFINED ABSOLUTE ENTRIES
  PROGRAM MODULE, NAME : ?ABS_ENTRY_MOD

Absolute parts
           ENTRY                   ADDRESS         REF BY
           =====                   =======         ======
           _FAR22_HEAP_SIZE        00000FFF 
           _HUGE_HEAP_SIZE         00000FFF 
           _FAR_HEAP_SIZE          00000FFF 
           _XDATA_HEAP_SIZE        000000FF 
           _XDATA_STACK_SIZE       00000EFF 
           _PDATA_STACK_SIZE       00000080 
           _EXTENDED_STACK_SIZE    00000000 
           _EXTENDED_STACK_START   00000000 
           ?ESP_MASK               00000000 
           ?ESP                    00000000 
           _IDATA_STACK_SIZE       00000040 
           _NR_OF_BANKS            00000003 
           _CODEBANK_END           0000FFFF 
           _CODEBANK_START         00008000 
           ?CBANK_MASK             00000030 
           ?CBANK                  000000F0 
           ?PBANK                  00000091 
           ?DPS                    000000A2        ?FUNC_ENTER_SP (?FUNC_ENTER_SP)
                                                   ?FUNC_LEAVE_SP (?FUNC_LEAVE_SP)
                                                   ?RESET_DPS (CSTARTUP)
                                                   LCD_4bit_send (LCD_2_Wire)
                                                   LCD_clear_home (LCD_2_Wire)
                                                   LCD_goto (LCD_2_Wire)
                                                   LCD_init (LCD_2_Wire)
                                                   LCD_putchar (LCD_2_Wire)
                                                   LCD_putstr (LCD_2_Wire)
                                                   LCD_send (LCD_2_Wire)
                                                   LCD_toggle_EN (LCD_2_Wire)
                                                   PCF8574_init (PCF8574)
                                                   PCF8574_write (PCF8574)
                                                   SW_I2C_ACK_NACK (SW_I2C)
                                                   SW_I2C_init (SW_I2C)
                                                   SW_I2C_start (SW_I2C)
                                                   SW_I2C_stop (SW_I2C)
                                                   SW_I2C_write (SW_I2C)
                                                   Send_Data_To_UART0 (Common)
                                                   UART0_ISR (main)
                                                   delay_ms (soft_delay)
                                                   delay_us (soft_delay)
                                                   setup (main)
           _NR_OF_VIRTUAL_REGISTERS
                                   00000008 
           ?DPMASK                 00000001        ?FUNC_ENTER_SP (?FUNC_ENTER_SP)
                                                   ?FUNC_LEAVE_SP (?FUNC_LEAVE_SP)
                                                   ?RESET_DPS (CSTARTUP)
           ?VB                     00000020        ?FUNC_ENTER_SP (?FUNC_ENTER_SP)
                                                   ?FUNC_LEAVE_SP (?FUNC_LEAVE_SP)
           _BREG_START             00000000 
           _REGISTER_BANK_START    00000000 
           ?REGISTER_BANK          00000000        Segment part 6 (CSTARTUP)
           _CODE0_END              000047FF 
           _CODE0_START            00000000 
           _XDATA0_END             000002FF 
           _XDATA0_START           00000001 
           _IXDATA0_END            000002FF 
           _IXDATA0_START          00000001 
           _PDATA0_END             000000FF 
           _PDATA0_START           00000000 
           _IDATA0_END             000000FF 
           _IDATA0_START           00000000 
    *************************************************************************

  FILE NAME : C:\Users\SShahryiar\Desktop\N76E003 Tutorial\N76E003 IAR Code Examples\Codes\UART Interrupt\Debug\Obj\Common.r51
  PROGRAM MODULE, NAME : Common

  SEGMENTS IN THE MODULE
  ======================
SFR_AN
  Relative segment, address: DATA 00000087 - 00000087 (0x1 bytes), align: 0
  Segment part 1. ROOT        Intra module refs:   InitialUART0_Timer3
           ENTRY                   ADDRESS         REF BY
           =====                   =======         ======
           PCON                    00000087 
    -------------------------------------------------------------------------
SFR_AN
  Relative segment, address: DATA 00000088 - 00000088 (0x1 bytes), align: 0
  Segment part 2. ROOT 
           ENTRY                   ADDRESS         REF BY
           =====                   =======         ======
           _A_TCON                 00000088 
           LOCAL                   ADDRESS         
           =====                   =======         
           TCON                    00000088 
           TCON_bit                00000088 
    -------------------------------------------------------------------------
SFR_AN
  Relative segment, address: DATA 00000089 - 00000089 (0x1 bytes), align: 0
  Segment part 3. ROOT 
           ENTRY                   ADDRESS         REF BY
           =====                   =======         ======
           TMOD                    00000089 
    -------------------------------------------------------------------------
SFR_AN
  Relative segment, address: DATA 0000008D - 0000008D (0x1 bytes), align: 0
  Segment part 4. ROOT 
           ENTRY                   ADDRESS         REF BY
           =====                   =======         ======
           TH1                     0000008D 
    -------------------------------------------------------------------------
SFR_AN
  Relative segment, address: DATA 0000008E - 0000008E (0x1 bytes), align: 0
  Segment part 5. ROOT 
           ENTRY                   ADDRESS         REF BY
           =====                   =======         ======
           CKCON                   0000008E 
    -------------------------------------------------------------------------
SFR_AN
  Relative segment, address: DATA 00000098 - 00000098 (0x1 bytes), align: 0
  Segment part 6. ROOT        Intra module refs:   InitialUART0_Timer3
                                                   Send_Data_To_UART0
                                                   UART0_ISR (main)
           ENTRY                   ADDRESS         REF BY
           =====                   =======         ======
           _A_SCON                 00000098 
           LOCAL                   ADDRESS         
           =====                   =======         
           SCON                    00000098 
           SCON_bit                00000098 
    -------------------------------------------------------------------------
SFR_AN
  Relative segment, address: DATA 00000099 - 00000099 (0x1 bytes), align: 0
  Segment part 7. ROOT        Intra module refs:   Send_Data_To_UART0
                                                   UART0_ISR (main)
           ENTRY                   ADDRESS         REF BY
           =====                   =======         ======
           SBUF                    00000099 
    -------------------------------------------------------------------------
SFR_AN
  Relative segment, address: DATA 0000009A - 0000009A (0x1 bytes), align: 0
  Segment part 8. ROOT 
           ENTRY                   ADDRESS         REF BY
           =====                   =======         ======
           SBUF_1                  0000009A 
    -------------------------------------------------------------------------
SFR_AN
  Relative segment, address: DATA 000000B1 - 000000B1 (0x1 bytes), align: 0
  Segment part 9. ROOT        Intra module refs:   InitialUART0_Timer3
                                                   SW_I2C_ACK_NACK (SW_I2C)
                                                   SW_I2C_init (SW_I2C)
                                                   SW_I2C_start (SW_I2C)
                                                   SW_I2C_stop (SW_I2C)
                                                   SW_I2C_write (SW_I2C)
           ENTRY                   ADDRESS         REF BY
           =====                   =======         ======
           P0M1                    000000B1 
    -------------------------------------------------------------------------
SFR_AN
  Relative segment, address: DATA 000000B2 - 000000B2 (0x1 bytes), align: 0
  Segment part 10. ROOT       Intra module refs:   InitialUART0_Timer3
                                                   SW_I2C_ACK_NACK (SW_I2C)
                                                   SW_I2C_init (SW_I2C)
                                                   SW_I2C_start (SW_I2C)
                                                   SW_I2C_stop (SW_I2C)
                                                   SW_I2C_write (SW_I2C)
           ENTRY                   ADDRESS         REF BY
           =====                   =======         ======
           P0M2                    000000B2 
    -------------------------------------------------------------------------
SFR_AN
  Relative segment, address: DATA 000000B3 - 000000B3 (0x1 bytes), align: 0
  Segment part 11. ROOT       Intra module refs:   setup (main)
           ENTRY                   ADDRESS         REF BY
           =====                   =======         ======
           P1M1                    000000B3 
    -------------------------------------------------------------------------
SFR_AN
  Relative segment, address: DATA 000000B4 - 000000B4 (0x1 bytes), align: 0
  Segment part 12. ROOT       Intra module refs:   setup (main)
           ENTRY                   ADDRESS         REF BY
           =====                   =======         ======
           P1M2                    000000B4 
    -------------------------------------------------------------------------
SFR_AN
  Relative segment, address: DATA 000000C4 - 000000C4 (0x1 bytes), align: 0
  Segment part 13. ROOT       Intra module refs:   InitialUART0_Timer3
           ENTRY                   ADDRESS         REF BY
           =====                   =======         ======
           T3CON                   000000C4 
    -------------------------------------------------------------------------
SFR_AN
  Relative segment, address: DATA 000000C5 - 000000C5 (0x1 bytes), align: 0
  Segment part 14. ROOT       Intra module refs:   InitialUART0_Timer3
           ENTRY                   ADDRESS         REF BY
           =====                   =======         ======
           RL3                     000000C5 
    -------------------------------------------------------------------------
SFR_AN
  Relative segment, address: DATA 000000C6 - 000000C6 (0x1 bytes), align: 0
  Segment part 15. ROOT       Intra module refs:   InitialUART0_Timer3
           ENTRY                   ADDRESS         REF BY
           =====                   =======         ======
           RH3                     000000C6 
    -------------------------------------------------------------------------
SFR_AN
  Relative segment, address: DATA 000000F8 - 000000F8 (0x1 bytes), align: 0
  Segment part 16. ROOT 
           ENTRY                   ADDRESS         REF BY
           =====                   =======         ======
           _A_SCON_1               000000F8 
           LOCAL                   ADDRESS         
           =====                   =======         
           SCON_1                  000000F8 
           SCON_1_bit              000000F8 
    -------------------------------------------------------------------------
<NEAR_CODE> 1 (was NEAR_CODE)
  Relative segment, address: CODE 000004B8 - 0000054E (0x97 bytes), align: 0
  Segment part 31.
           ENTRY                   ADDRESS         REF BY
           =====                   =======         ======
           InitialUART0_Timer3     000004B8        setup (main)
               ISTACK = 00000000 ( 0000000F )
    -------------------------------------------------------------------------
<NEAR_CODE> 1 (was NEAR_CODE)
  Relative segment, address: CODE 0000054F - 0000055A (0xc bytes), align: 0
  Segment part 33.
           ENTRY                   ADDRESS         REF BY
           =====                   =======         ======
           Send_Data_To_UART0      0000054F        main (main)
               ISTACK = 00000002 ( 00000000 )

    *************************************************************************

  FILE NAME : C:\Users\SShahryiar\Desktop\N76E003 Tutorial\N76E003 IAR Code Examples\Codes\UART Interrupt\Debug\Obj\Delay.r51
  PROGRAM MODULE, NAME : Delay

  SEGMENTS IN THE MODULE
  ======================
SFR_AN
  Relative segment, address: DATA 0000008A - 0000008A (0x1 bytes), align: 0
  Segment part 3. ROOT 
           ENTRY                   ADDRESS         REF BY
           =====                   =======         ======
           TL0                     0000008A 
    -------------------------------------------------------------------------
SFR_AN
  Relative segment, address: DATA 0000008B - 0000008B (0x1 bytes), align: 0
  Segment part 4. ROOT 
           ENTRY                   ADDRESS         REF BY
           =====                   =======         ======
           TL1                     0000008B 
    -------------------------------------------------------------------------
SFR_AN
  Relative segment, address: DATA 0000008C - 0000008C (0x1 bytes), align: 0
  Segment part 5. ROOT 
           ENTRY                   ADDRESS         REF BY
           =====                   =======         ======
           TH0                     0000008C 
    -------------------------------------------------------------------------
SFR_AN
  Relative segment, address: DATA 000000C8 - 000000C8 (0x1 bytes), align: 0
  Segment part 11. ROOT 
           ENTRY                   ADDRESS         REF BY
           =====                   =======         ======
           _A_T2CON                000000C8 
           LOCAL                   ADDRESS         
           =====                   =======         
           T2CON                   000000C8 
           T2CON_bit               000000C8 
    -------------------------------------------------------------------------
SFR_AN
  Relative segment, address: DATA 000000C9 - 000000C9 (0x1 bytes), align: 0
  Segment part 12. ROOT 
           ENTRY                   ADDRESS         REF BY
           =====                   =======         ======
           T2MOD                   000000C9 
    -------------------------------------------------------------------------
SFR_AN
  Relative segment, address: DATA 000000CC - 000000CC (0x1 bytes), align: 0
  Segment part 13. ROOT 
           ENTRY                   ADDRESS         REF BY
           =====                   =======         ======
           TL2                     000000CC 
    -------------------------------------------------------------------------
SFR_AN
  Relative segment, address: DATA 000000CD - 000000CD (0x1 bytes), align: 0
  Segment part 14. ROOT 
           ENTRY                   ADDRESS         REF BY
           =====                   =======         ======
           TH2                     000000CD 

    *************************************************************************

  FILE NAME : C:\Users\SShahryiar\Desktop\N76E003 Tutorial\N76E003 IAR Code Examples\Codes\UART Interrupt\Debug\Obj\LCD_2_Wire.r51
  PROGRAM MODULE, NAME : LCD_2_Wire

  SEGMENTS IN THE MODULE
  ======================
IDATA_Z
  Relative segment, address: IDATA 00000040 - 00000040 (0x1 bytes), align: 0
  Segment part 6.             Intra module refs:   LCD_init
                                                   LCD_send
           LOCAL                   ADDRESS         
           =====                   =======         
           bl_state                00000040 
    -------------------------------------------------------------------------
IDATA_Z
  Relative segment, address: IDATA 00000041 - 00000041 (0x1 bytes), align: 0
  Segment part 7.             Intra module refs:   LCD_4bit_send
                                                   LCD_init
                                                   LCD_send
                                                   LCD_toggle_EN
           LOCAL                   ADDRESS         
           =====                   =======         
           data_value              00000041 
    -------------------------------------------------------------------------
<NEAR_CODE> 1 (was NEAR_CODE)
  Relative segment, address: CODE 00000187 - 000001D4 (0x4e bytes), align: 0
  Segment part 8.
           ENTRY                   ADDRESS         REF BY
           =====                   =======         ======
           LCD_init                00000187        setup (main)
               calls direct
    -------------------------------------------------------------------------
<NEAR_CODE> 1 (was NEAR_CODE)
  Relative segment, address: CODE 000001D5 - 00000200 (0x2c bytes), align: 0
  Segment part 9.             Intra module refs:   LCD_4bit_send
           ENTRY                   ADDRESS         REF BY
           =====                   =======         ======
           LCD_toggle_EN           000001D5 
               calls direct
               ISTACK = 00000001 ( 00000000 )
    -------------------------------------------------------------------------
<NEAR_CODE> 1 (was NEAR_CODE)
  Relative segment, address: CODE 00000201 - 00000253 (0x53 bytes), align: 0
  Segment part 10.            Intra module refs:   LCD_clear_home
                                                   LCD_goto
                                                   LCD_init
                                                   LCD_putchar
           ENTRY                   ADDRESS         REF BY
           =====                   =======         ======
           LCD_send                00000201 
               calls direct
               ISTACK = 00000002 ( 00000002 )
    -------------------------------------------------------------------------
<NEAR_CODE> 1 (was NEAR_CODE)
  Relative segment, address: CODE 00000254 - 00000298 (0x45 bytes), align: 0
  Segment part 11.            Intra module refs:   LCD_send
           ENTRY                   ADDRESS         REF BY
           =====                   =======         ======
           LCD_4bit_send           00000254 
               calls direct
               ISTACK = 00000002 ( 00000001 )
    -------------------------------------------------------------------------
<NEAR_CODE> 1 (was NEAR_CODE)
  Relative segment, address: CODE 00000299 - 000002B4 (0x1c bytes), align: 0
  Segment part 12.
           ENTRY                   ADDRESS         REF BY
           =====                   =======         ======
           LCD_putstr              00000299        setup (main)
               calls direct
               ISTACK = 00000000 ( 00000001 )
    -------------------------------------------------------------------------
<NEAR_CODE> 1 (was NEAR_CODE)
  Relative segment, address: CODE 000002B5 - 000002D0 (0x1c bytes), align: 0
  Segment part 13.            Intra module refs:   LCD_putstr
           ENTRY                   ADDRESS         REF BY
           =====                   =======         ======
           LCD_putchar             000002B5        main (main)
               calls direct
               ISTACK = 00000001 ( 00000001 )
    -------------------------------------------------------------------------
<NEAR_CODE> 1 (was NEAR_CODE)
  Relative segment, address: CODE 000002D1 - 000002E2 (0x12 bytes), align: 0
  Segment part 14.
           ENTRY                   ADDRESS         REF BY
           =====                   =======         ======
           LCD_clear_home          000002D1        setup (main)
               calls direct
    -------------------------------------------------------------------------
<NEAR_CODE> 1 (was NEAR_CODE)
  Relative segment, address: CODE 000002E3 - 0000030D (0x2b bytes), align: 0
  Segment part 15.
           ENTRY                   ADDRESS         REF BY
           =====                   =======         ======
           LCD_goto                000002E3        main (main)
                                                   setup (main)
               calls direct
               ISTACK = 00000000 ( 00000002 )

    *************************************************************************

  FILE NAME : C:\Users\SShahryiar\Desktop\N76E003 Tutorial\N76E003 IAR Code Examples\Codes\UART Interrupt\Debug\Obj\main.r51
  PROGRAM MODULE, NAME : main

  SEGMENTS IN THE MODULE
  ======================
SFR_AN
  Relative segment, address: DATA 00000090 - 00000090 (0x1 bytes), align: 0
  Segment part 1. ROOT        Intra module refs:   UART0_ISR
           ENTRY                   ADDRESS         REF BY
           =====                   =======         ======
           _A_P1                   00000090 
           LOCAL                   ADDRESS         
           =====                   =======         
           P1                      00000090 
           P1_bit                  00000090 
    -------------------------------------------------------------------------
SFR_AN
  Relative segment, address: DATA 000000A8 - 000000A8 (0x1 bytes), align: 0
  Segment part 4. ROOT        Intra module refs:   UART0_ISR
                                                   main
                                                   setup
           ENTRY                   ADDRESS         REF BY
           =====                   =======         ======
           _A_IE                   000000A8 
           LOCAL                   ADDRESS         
           =====                   =======         
           IE                      000000A8 
           IE_bit                  000000A8 
    -------------------------------------------------------------------------
IDATA_Z
  Relative segment, address: IDATA 00000042 - 00000042 (0x1 bytes), align: 0
  Segment part 17.            Intra module refs:   UART0_ISR
                                                   main
           ENTRY                   ADDRESS         REF BY
           =====                   =======         ======
           received                00000042 
    -------------------------------------------------------------------------
IDATA_Z
  Relative segment, address: IDATA 00000043 - 00000043 (0x1 bytes), align: 0
  Segment part 18.            Intra module refs:   UART0_ISR
                                                   main
           ENTRY                   ADDRESS         REF BY
           =====                   =======         ======
           count                   00000043 
    -------------------------------------------------------------------------
IDATA_Z
  Relative segment, address: IDATA 00000044 - 00000048 (0x5 bytes), align: 0
  Segment part 19.            Intra module refs:   UART0_ISR
                                                   main
           ENTRY                   ADDRESS         REF BY
           =====                   =======         ======
           buffer                  00000044 
    -------------------------------------------------------------------------
<NEAR_CODE> 1 (was NEAR_CODE)
  Relative segment, address: CODE 000003E4 - 00000423 (0x40 bytes), align: 0
  Segment part 22.            Intra module refs:   UART0_ISR::??INTVEC 35
           ENTRY                   ADDRESS         REF BY
           =====                   =======         ======
           UART0_ISR               000003E4 
               interrupt function
               ISTACK = 00000000 ( 00000005 )
    -------------------------------------------------------------------------
<NEAR_CODE> 1 (was NEAR_CODE)
  Relative segment, address: CODE 00000424 - 0000046B (0x48 bytes), align: 0
  Segment part 23.
           ENTRY                   ADDRESS         REF BY
           =====                   =======         ======
           main                    00000424        ?call_main (?cmain)
               calls direct
    -------------------------------------------------------------------------
<NEAR_CODE> 1 (was NEAR_CODE)
  Relative segment, address: CODE 0000046C - 000004B7 (0x4c bytes), align: 0
  Segment part 24.            Intra module refs:   main
           ENTRY                   ADDRESS         REF BY
           =====                   =======         ======
           setup                   0000046C 
               calls direct
               ISTACK = 00000000 ( 00000004 )
    -------------------------------------------------------------------------
INTVEC
  Common segment, address: CODE 00000000 - 00000025 (0x26 bytes), align: 0
  Segment part 7. ROOT 
           ENTRY                   ADDRESS         REF BY
           =====                   =======         ======
           UART0_ISR::??INTVEC 35
                                   00000023 
    -------------------------------------------------------------------------
IDATA_ID
  Relative segment, address: CODE 0000005E - 0000006C (0xf bytes), align: 0
  Segment part 14.            Intra module refs:   Segment part 13
    -------------------------------------------------------------------------
IDATA_ID
  Relative segment, address: CODE 0000006D - 00000078 (0xc bytes), align: 0
  Segment part 16.            Intra module refs:   Segment part 15
    -------------------------------------------------------------------------
IDATA_ID
  Relative segment, address: CODE 00000079 - 0000007C (0x4 bytes), align: 0
  Segment part 21.            Intra module refs:   __Constant_2580
    -------------------------------------------------------------------------
IDATA_I
  Relative segment, address: IDATA 00000021 - 0000002F (0xf bytes), align: 0
  Segment part 13.            Intra module refs:   setup
    -------------------------------------------------------------------------
IDATA_I
  Relative segment, address: IDATA 00000030 - 0000003B (0xc bytes), align: 0
  Segment part 15.            Intra module refs:   setup
    -------------------------------------------------------------------------
IDATA_I
  Relative segment, address: IDATA 0000003C - 0000003F (0x4 bytes), align: 0
  Segment part 20.            Intra module refs:   setup
           ENTRY                   ADDRESS         REF BY
           =====                   =======         ======
           __Constant_2580         0000003C 

    *************************************************************************

  FILE NAME : C:\Users\SShahryiar\Desktop\N76E003 Tutorial\N76E003 IAR Code Examples\Codes\UART Interrupt\Debug\Obj\PCF8574.r51
  PROGRAM MODULE, NAME : PCF8574

  SEGMENTS IN THE MODULE
  ======================
<NEAR_CODE> 1 (was NEAR_CODE)
  Relative segment, address: CODE 000005B2 - 000005BF (0xe bytes), align: 0
  Segment part 6.
           ENTRY                   ADDRESS         REF BY
           =====                   =======         ======
           PCF8574_init            000005B2        LCD_init (LCD_2_Wire)
               calls direct
    -------------------------------------------------------------------------
<NEAR_CODE> 1 (was NEAR_CODE)
  Relative segment, address: CODE 000005C0 - 000005E5 (0x26 bytes), align: 0
  Segment part 8.
           ENTRY                   ADDRESS         REF BY
           =====                   =======         ======
           PCF8574_write           000005C0        LCD_4bit_send (LCD_2_Wire)
                                                   LCD_init (LCD_2_Wire)
                                                   LCD_send (LCD_2_Wire)
                                                   LCD_toggle_EN (LCD_2_Wire)
               calls direct
               ISTACK = 00000000 ( 00000001 )

    *************************************************************************

  FILE NAME : C:\Users\SShahryiar\Desktop\N76E003 Tutorial\N76E003 IAR Code Examples\Codes\UART Interrupt\Debug\Obj\soft_delay.r51
  PROGRAM MODULE, NAME : soft_delay

  SEGMENTS IN THE MODULE
  ======================
<NEAR_CODE> 1 (was NEAR_CODE)
  Relative segment, address: CODE 0000055B - 00000588 (0x2e bytes), align: 0
  Segment part 6.             Intra module refs:   delay_ms
           ENTRY                   ADDRESS         REF BY
           =====                   =======         ======
           delay_us                0000055B        SW_I2C_ACK_NACK (SW_I2C)
                                                   SW_I2C_start (SW_I2C)
                                                   SW_I2C_stop (SW_I2C)
                                                   SW_I2C_write (SW_I2C)
               ISTACK = 00000002 ( 00000002 )
    -------------------------------------------------------------------------
<NEAR_CODE> 1 (was NEAR_CODE)
  Relative segment, address: CODE 00000589 - 000005B1 (0x29 bytes), align: 0
  Segment part 7.
           ENTRY                   ADDRESS         REF BY
           =====                   =======         ======
           delay_ms                00000589        LCD_init (LCD_2_Wire)
                                                   LCD_send (LCD_2_Wire)
                                                   LCD_toggle_EN (LCD_2_Wire)
                                                   PCF8574_init (PCF8574)
                                                   SW_I2C_init (SW_I2C)
                                                   main (main)
               calls direct
               ISTACK = 00000000 ( 00000002 )

    *************************************************************************

  FILE NAME : C:\Users\SShahryiar\Desktop\N76E003 Tutorial\N76E003 IAR Code Examples\Codes\UART Interrupt\Debug\Obj\SW_I2C.r51
  PROGRAM MODULE, NAME : SW_I2C

  SEGMENTS IN THE MODULE
  ======================
SFR_AN
  Relative segment, address: DATA 00000080 - 00000080 (0x1 bytes), align: 0
  Segment part 1. ROOT        Intra module refs:   SW_I2C_ACK_NACK
                                                   SW_I2C_init
                                                   SW_I2C_start
                                                   SW_I2C_stop
                                                   SW_I2C_write
           ENTRY                   ADDRESS         REF BY
           =====                   =======         ======
           _A_P0                   00000080 
           LOCAL                   ADDRESS         
           =====                   =======         
           P0                      00000080 
           P0_bit                  00000080 
    -------------------------------------------------------------------------
<NEAR_CODE> 1 (was NEAR_CODE)
  Relative segment, address: CODE 0000030E - 00000328 (0x1b bytes), align: 0
  Segment part 9.
           ENTRY                   ADDRESS         REF BY
           =====                   =======         ======
           SW_I2C_init             0000030E        PCF8574_init (PCF8574)
               calls direct
    -------------------------------------------------------------------------
<NEAR_CODE> 1 (was NEAR_CODE)
  Relative segment, address: CODE 00000329 - 00000348 (0x20 bytes), align: 0
  Segment part 10.
           ENTRY                   ADDRESS         REF BY
           =====                   =======         ======
           SW_I2C_start            00000329        PCF8574_write (PCF8574)
               calls direct
    -------------------------------------------------------------------------
<NEAR_CODE> 1 (was NEAR_CODE)
  Relative segment, address: CODE 00000349 - 00000368 (0x20 bytes), align: 0
  Segment part 11.
           ENTRY                   ADDRESS         REF BY
           =====                   =======         ======
           SW_I2C_stop             00000349        PCF8574_write (PCF8574)
               calls direct
               ISTACK = 00000002 ( 00000000 )
    -------------------------------------------------------------------------
<NEAR_CODE> 1 (was NEAR_CODE)
  Relative segment, address: CODE 00000369 - 000003B2 (0x4a bytes), align: 0
  Segment part 13.
           ENTRY                   ADDRESS         REF BY
           =====                   =======         ======
           SW_I2C_write            00000369        PCF8574_write (PCF8574)
               calls direct
               ISTACK = 00000000 ( 00000002 )
    -------------------------------------------------------------------------
<NEAR_CODE> 1 (was NEAR_CODE)
  Relative segment, address: CODE 000003B3 - 000003E3 (0x31 bytes), align: 0
  Segment part 14.
           ENTRY                   ADDRESS         REF BY
           =====                   =======         ======
           SW_I2C_ACK_NACK         000003B3        PCF8574_write (PCF8574)
               calls direct
               ISTACK = 00000003 ( 00000001 )

    *************************************************************************

  FILE NAME : C:\Program Files (x86)\IAR Systems\Embedded Workbench 8.0\8051\LIB\CLIB\cl-pli-nsid-2h16inc.r51
  LIBRARY MODULE, NAME : ?cexit

  SEGMENTS IN THE MODULE
  ======================
CSTART
  Relative segment, address: CODE 00000026 - 0000002A (0x5 bytes), align: 0
  Segment part 0.
           ENTRY                   ADDRESS         REF BY
           =====                   =======         ======
           exit                    00000026        ?call_main (?cmain)
           ?C_EXIT                 00000026 
           ?ROM_MONITOR_NOPS       00000026 

    -------------------------------------------------------------------------
  LIBRARY MODULE, NAME : ?cmain

  SEGMENTS IN THE MODULE
  ======================
CSTART
  Relative segment, address: CODE 0000002B, align: 0
  Segment part 5.
           ENTRY                   ADDRESS         REF BY
           =====                   =======         ======
           ?cmain                  0000002B        Segment part 14 (CSTARTUP)
               calls direct
    -------------------------------------------------------------------------
CSTART
  Relative segment, address: CODE 0000002B - 00000038 (0xe bytes), align: 0
  Segment part 12.
           ENTRY                   ADDRESS         REF BY
           =====                   =======         ======
           __INIT_IDATA_Z          0000002B        bl_state (LCD_2_Wire)
                                                   buffer (main)
                                                   count (main)
                                                   data_value (LCD_2_Wire)
                                                   received (main)
    -------------------------------------------------------------------------
CSTART
  Relative segment, address: CODE 00000039 - 0000004B (0x13 bytes), align: 0
  Segment part 27.
           ENTRY                   ADDRESS         REF BY
           =====                   =======         ======
           __INIT_IDATA_I          00000039        Segment part 13 (main)
                                                   Segment part 15 (main)
                                                   __Constant_2580 (main)
    -------------------------------------------------------------------------
CSTART
  Relative segment, address: CODE 0000004C - 00000051 (0x6 bytes), align: 0
  Segment part 38.            Intra module refs:   ?cmain
           ENTRY                   ADDRESS         REF BY
           =====                   =======         ======
           ?call_main              0000004C 

    -------------------------------------------------------------------------
  LIBRARY MODULE, NAME : CSTARTUP

  SEGMENTS IN THE MODULE
  ======================
REGISTERS
  Relative segment, address: DATA 00000000, align: 0
  Segment part 0.             Intra module refs:   Segment part 6
           ENTRY                   ADDRESS         REF BY
           =====                   =======         ======
           ?REGISTERS              00000000 
    -------------------------------------------------------------------------
ISTACK
  Relative segment, address: IDATA 000000C0, align: 0
  Segment part 1.             Intra module refs:   Segment part 6
           ENTRY                   ADDRESS         REF BY
           =====                   =======         ======
           ?ISTACK_START           000000C0 
    -------------------------------------------------------------------------
INTVEC
  Common segment, address: CODE 00000000 - 00000002 (0x3 bytes), align: 0
  Segment part 5. ROOT        Intra module refs:   Segment part 6
    -------------------------------------------------------------------------
CSTART
  Relative segment, address: CODE 00000052 - 00000057 (0x6 bytes), align: 0
  Segment part 6. ROOT        Intra module refs:   Segment part 5
           ENTRY                   ADDRESS         REF BY
           =====                   =======         ======
           __program_start         00000052        Absolute parts (?ABS_ENTRY_MOD)
           ?RESET_SP               00000055 
    -------------------------------------------------------------------------
CSTART
  Relative segment, address: CODE 00000058 - 0000005A (0x3 bytes), align: 0
  Segment part 12.            Intra module refs:   Absolute parts
           ENTRY                   ADDRESS         REF BY
           =====                   =======         ======
           ?RESET_DPS              00000058 
    -------------------------------------------------------------------------
CSTART
  Relative segment, address: CODE 0000005B - 0000005D (0x3 bytes), align: 0
  Segment part 14.            Intra module refs:   Absolute parts

    -------------------------------------------------------------------------
  LIBRARY MODULE, NAME : VIRTUAL_REGISTERS

  SEGMENTS IN THE MODULE
  ======================
BREG
  Relative segment, address: BIT 00000020.0 - 00000020.7 (0x8 bits), align: 0
  Segment part 0.
           ENTRY                   ADDRESS         REF BY
           =====                   =======         ======
           ?B0                     00000020.0      Absolute parts (CSTARTUP)
    -------------------------------------------------------------------------
VREG
  Relative segment, address: DATA 00000008 - 00000008 (0x1 bytes), align: 0
  Segment part 1.             Intra module refs:   ?V1
           ENTRY                   ADDRESS         REF BY
           =====                   =======         ======
           ?V0                     00000008        ?FUNC_ENTER_SP (?FUNC_ENTER_SP)
                                                   ?FUNC_LEAVE_SP (?FUNC_LEAVE_SP)
                                                   InitialUART0_Timer3 (Common)
                                                   delay_us (soft_delay)
                                                   setup (main)
    -------------------------------------------------------------------------
VREG
  Relative segment, address: DATA 00000009 - 00000009 (0x1 bytes), align: 0
  Segment part 2.             Intra module refs:   ?V2
           ENTRY                   ADDRESS         REF BY
           =====                   =======         ======
           ?V1                     00000009        InitialUART0_Timer3 (Common)
                                                   delay_us (soft_delay)
                                                   setup (main)
    -------------------------------------------------------------------------
VREG
  Relative segment, address: DATA 0000000A - 0000000A (0x1 bytes), align: 0
  Segment part 3.             Intra module refs:   ?V3
           ENTRY                   ADDRESS         REF BY
           =====                   =======         ======
           ?V2                     0000000A        InitialUART0_Timer3 (Common)
                                                   setup (main)
    -------------------------------------------------------------------------
VREG
  Relative segment, address: DATA 0000000B - 0000000B (0x1 bytes), align: 0
  Segment part 4.             Intra module refs:   ?V4
           ENTRY                   ADDRESS         REF BY
           =====                   =======         ======
           ?V3                     0000000B        InitialUART0_Timer3 (Common)
                                                   setup (main)
    -------------------------------------------------------------------------
VREG
  Relative segment, address: DATA 0000000C - 0000000C (0x1 bytes), align: 0
  Segment part 5.             Intra module refs:   ?V5
           ENTRY                   ADDRESS         REF BY
           =====                   =======         ======
           ?V4                     0000000C        InitialUART0_Timer3 (Common)
    -------------------------------------------------------------------------
VREG
  Relative segment, address: DATA 0000000D - 0000000D (0x1 bytes), align: 0
  Segment part 6.             Intra module refs:   ?V6
           ENTRY                   ADDRESS         REF BY
           =====                   =======         ======
           ?V5                     0000000D        InitialUART0_Timer3 (Common)
    -------------------------------------------------------------------------
VREG
  Relative segment, address: DATA 0000000E - 0000000E (0x1 bytes), align: 0
  Segment part 7.             Intra module refs:   ?V7
           ENTRY                   ADDRESS         REF BY
           =====                   =======         ======
           ?V6                     0000000E        InitialUART0_Timer3 (Common)
    -------------------------------------------------------------------------
VREG
  Relative segment, address: DATA 0000000F - 0000000F (0x1 bytes), align: 0
  Segment part 8.
           ENTRY                   ADDRESS         REF BY
           =====                   =======         ======
           ?V7                     0000000F        InitialUART0_Timer3 (Common)

    -------------------------------------------------------------------------
  LIBRARY MODULE, NAME : ?UL_DIV_MOD

  SEGMENTS IN THE MODULE
  ======================
RCODE
  Relative segment, address: CODE 0000007D - 000000EB (0x6f bytes), align: 0
  Segment part 1.
           ENTRY                   ADDRESS         REF BY
           =====                   =======         ======
           ?UL_DIV_MOD             0000007D        InitialUART0_Timer3 (Common)

    -------------------------------------------------------------------------
  LIBRARY MODULE, NAME : ?L_MOV

  SEGMENTS IN THE MODULE
  ======================
RCODE
  Relative segment, address: CODE 000000EC - 000000FA (0xf bytes), align: 0
  Segment part 0.
           ENTRY                   ADDRESS         REF BY
           =====                   =======         ======
           ?L_MOV                  000000EC        InitialUART0_Timer3 (Common)
                                                   setup (main)

    -------------------------------------------------------------------------
  LIBRARY MODULE, NAME : ?S_DIV_MOD

  SEGMENTS IN THE MODULE
  ======================
RCODE
  Relative segment, address: CODE 000000FB - 00000153 (0x59 bytes), align: 0
  Segment part 1.
           ENTRY                   ADDRESS         REF BY
           =====                   =======         ======
           ?US_DIV_MOD             000000FB        delay_us (soft_delay)

    -------------------------------------------------------------------------
  LIBRARY MODULE, NAME : ?FUNC_ENTER_SP

  SEGMENTS IN THE MODULE
  ======================
RCODE
  Relative segment, address: CODE 00000154 - 0000016C (0x19 bytes), align: 0
  Segment part 0.
           ENTRY                   ADDRESS         REF BY
           =====                   =======         ======
           ?FUNC_ENTER_SP          00000154        InitialUART0_Timer3 (Common)

    -------------------------------------------------------------------------
  LIBRARY MODULE, NAME : ?FUNC_LEAVE_SP

  SEGMENTS IN THE MODULE
  ======================
RCODE
  Relative segment, address: CODE 0000016D - 00000186 (0x1a bytes), align: 0
  Segment part 0.
           ENTRY                   ADDRESS         REF BY
           =====                   =======         ======
           ?FUNC_LEAVE_SP          0000016D        InitialUART0_Timer3 (Common)




                ****************************************
                *                                      *
                *      SEGMENTS IN ADDRESS ORDER       *
                *                                      *
                ****************************************


SEGMENT              SPACE    START ADDRESS   END ADDRESS     SIZE  TYPE  ALIGN
=======              =====    =============   ===========     ====  ====  =====
INTVEC               CODE          00000000 - 00000025          26   com    0
CSTART               CODE          00000026 - 0000005D          38   rel    0
BIT_ID               CODE               0000005E                     dse    0
BDATA_ID             CODE               0000005E                     dse    0
DATA_ID              CODE               0000005E                     dse    0
IDATA_ID             CODE          0000005E - 0000007C          1F   rel    0
RCODE                CODE          0000007D - 00000186         10A   rel    0
<NEAR_CODE> 1        CODE          00000187 - 000005E5         45F   rel    0
REGISTERS            DATA          00000000 - 00000007           8   rel    0
VREG                 DATA          00000008 - 0000000F           8   rel    0
BREG                 BIT        00000020.0  -  00000020.7        8   rel    0
SFR_AN               DATA          00000080 - 00000080           1   rel    0
                     DATA          00000087 - 0000008E           8 
                     DATA          00000090 - 00000090           1 
                     DATA          00000098 - 0000009A           3 
                     DATA          000000A8 - 000000A8           1 
                     DATA          000000B1 - 000000B4           4 
                     DATA          000000C4 - 000000C6           3 
                     DATA          000000C8 - 000000C9           2 
                     DATA          000000CC - 000000CD           2 
                     DATA          000000F8 - 000000F8           1 
IDATA_I              IDATA         00000021 - 0000003F          1F   rel    0
IDATA_Z              IDATA         00000040 - 00000048           9   rel    0
ISTACK               IDATA         000000C0 - 000000FF          40   rel    0

                ****************************************
                *                                      *
                *        END OF CROSS REFERENCE        *
                *                                      *
                ****************************************

 1 510 bytes of CODE  memory
    16 bytes of DATA  memory (+ 26 absolute )
   104 bytes of IDATA memory
     8 bits  of BIT   memory

Errors: none
Warnings: none

